Archive member included to satisfy reference by file (symbol)

/home/yvonne/water_depth/erika/lib/libarduinosdk.a(wiring.c.o)
                              obj/code.cpp.o (delay)
/home/yvonne/water_depth/erika/lib/libarduinosdk.a(wiring_digital.c.o)
                              obj/SPI.cpp.o (pinMode)
/home/yvonne/water_depth/erika/lib/libarduinosdk.a(wiring_analog.c.o)
                              obj/code.cpp.o (analogRead)
/home/yvonne/water_depth/erika/lib/libarduinosdk.a(HardwareSerial.cpp.o)
                              obj/code.cpp.o (_ZN14HardwareSerial4readEv)
/home/yvonne/water_depth/erika/lib/libarduinosdk.a(HardwareSerial0.cpp.o)
                              obj/code.cpp.o (Serial)
/home/yvonne/water_depth/erika/lib/libarduinosdk.a(Print.cpp.o)
                              obj/code.cpp.o (_ZN5Print5writeEPKhj)
/home/yvonne/water_depth/erika/lib/libarduinosdk.a(hooks.c.o)
                              /home/yvonne/water_depth/erika/lib/libarduinosdk.a(wiring.c.o) (yield)
/home/yvonne/water_depth/erika/lib/libarduinosdk.a(abi.cpp.o)
                              /home/yvonne/water_depth/erika/lib/libarduinosdk.a(Print.cpp.o) (__cxa_pure_virtual)
/home/yvonne/water_depth/erika/lib/libee.a(ee_oo_api_osek.c.o)
                              obj/code.cpp.o (StartOS)
/home/yvonne/water_depth/erika/lib/libee.a(ee_oo_sched_entry_points.c.o)
                              /home/yvonne/water_depth/erika/lib/libee.a(ee_oo_api_osek.c.o) (osEE_scheduler_task_end)
/home/yvonne/water_depth/erika/lib/libee.a(ee_oo_sched_partitioned.c.o)
                              /home/yvonne/water_depth/erika/lib/libee.a(ee_oo_api_osek.c.o) (osEE_scheduler_task_activated)
/home/yvonne/water_depth/erika/lib/libee.a(ee_atmega_intvect.c.o)
                              /home/yvonne/water_depth/erika/lib/libee.a(ee_oo_api_osek.c.o) (osEE_atmega_intvect)
/home/yvonne/water_depth/erika/lib/libee.a(ee_avr8_asm.S.o)
                              /home/yvonne/water_depth/erika/lib/libee.a(ee_oo_api_osek.c.o) (osEE_hal_save_ctx_and_ready2stacked)
/home/yvonne/water_depth/erika/lib/libee.a(ee_std_change_context.c.o)
                              /home/yvonne/water_depth/erika/lib/libee.a(ee_oo_sched_partitioned.c.o) (osEE_change_context_from_running)
/home/yvonne/water_depth/erika/lib/libee.a(ee_oo_scheduler.c.o)
                              /home/yvonne/water_depth/erika/lib/libee.a(ee_oo_sched_partitioned.c.o) (osEE_scheduler_core_rq_preempt_stk)
/home/yvonne/Downloads/arduino-1.8.5/hardware/tools/avr/bin/../lib/gcc/avr/4.9.2/../../../../avr/lib/avr5/libm.a(addsf3.o)
                              /home/yvonne/water_depth/erika/lib/libarduinosdk.a(Print.cpp.o) (__subsf3)
/home/yvonne/Downloads/arduino-1.8.5/hardware/tools/avr/bin/../lib/gcc/avr/4.9.2/../../../../avr/lib/avr5/libm.a(addsf3x.o)
                              /home/yvonne/Downloads/arduino-1.8.5/hardware/tools/avr/bin/../lib/gcc/avr/4.9.2/../../../../avr/lib/avr5/libm.a(addsf3.o) (__addsf3x)
/home/yvonne/Downloads/arduino-1.8.5/hardware/tools/avr/bin/../lib/gcc/avr/4.9.2/../../../../avr/lib/avr5/libm.a(cmpsf2.o)
                              /home/yvonne/water_depth/erika/lib/libarduinosdk.a(Print.cpp.o) (__ltsf2)
/home/yvonne/Downloads/arduino-1.8.5/hardware/tools/avr/bin/../lib/gcc/avr/4.9.2/../../../../avr/lib/avr5/libm.a(divsf3.o)
                              /home/yvonne/water_depth/erika/lib/libarduinosdk.a(Print.cpp.o) (__divsf3)
/home/yvonne/Downloads/arduino-1.8.5/hardware/tools/avr/bin/../lib/gcc/avr/4.9.2/../../../../avr/lib/avr5/libm.a(divsf3x.o)
                              /home/yvonne/Downloads/arduino-1.8.5/hardware/tools/avr/bin/../lib/gcc/avr/4.9.2/../../../../avr/lib/avr5/libm.a(divsf3.o) (__divsf3x)
/home/yvonne/Downloads/arduino-1.8.5/hardware/tools/avr/bin/../lib/gcc/avr/4.9.2/../../../../avr/lib/avr5/libm.a(fixunssfsi.o)
                              /home/yvonne/water_depth/erika/lib/libarduinosdk.a(Print.cpp.o) (__fixunssfsi)
/home/yvonne/Downloads/arduino-1.8.5/hardware/tools/avr/bin/../lib/gcc/avr/4.9.2/../../../../avr/lib/avr5/libm.a(floatsisf.o)
                              /home/yvonne/water_depth/erika/lib/libarduinosdk.a(Print.cpp.o) (__floatunsisf)
/home/yvonne/Downloads/arduino-1.8.5/hardware/tools/avr/bin/../lib/gcc/avr/4.9.2/../../../../avr/lib/avr5/libm.a(fp_cmp.o)
                              /home/yvonne/Downloads/arduino-1.8.5/hardware/tools/avr/bin/../lib/gcc/avr/4.9.2/../../../../avr/lib/avr5/libm.a(cmpsf2.o) (__fp_cmp)
/home/yvonne/Downloads/arduino-1.8.5/hardware/tools/avr/bin/../lib/gcc/avr/4.9.2/../../../../avr/lib/avr5/libm.a(fp_inf.o)
                              /home/yvonne/Downloads/arduino-1.8.5/hardware/tools/avr/bin/../lib/gcc/avr/4.9.2/../../../../avr/lib/avr5/libm.a(addsf3x.o) (__fp_inf)
/home/yvonne/Downloads/arduino-1.8.5/hardware/tools/avr/bin/../lib/gcc/avr/4.9.2/../../../../avr/lib/avr5/libm.a(fp_nan.o)
[...]
Memory Configuration

Name             Origin             Length             Attributes
text             0x0000000000000000 0x0000000000020000 xr
data             0x0000000000800060 0x000000000000ffa0 rw !x
eeprom           0x0000000000810000 0x0000000000010000 rw !x
fuse             0x0000000000820000 0x0000000000000003 rw !x
lock             0x0000000000830000 0x0000000000000400 rw !x
signature        0x0000000000840000 0x0000000000000400 rw !x
user_signatures  0x0000000000850000 0x0000000000000400 rw !x
*default*        0x0000000000000000 0xffffffffffffffff

Linker script and memory map

Address of section .data set to 0x800100
LOAD /home/yvonne/Downloads/arduino-1.8.5/hardware/tools/avr/bin/../lib/gcc/avr/4.9.2/../../../../avr/lib/avr5/crtatmega328p.o
LOAD obj/SPI.cpp.o
LOAD obj/code.cpp.o
LOAD obj/ee_applcfg.c.o
LOAD obj/mcp_can.cpp.o
START GROUP
LOAD /home/yvonne/water_depth/erika/lib/libarduinosdk.a
LOAD /home/yvonne/water_depth/erika/lib/libee.a
END GROUP
LOAD /home/yvonne/Downloads/arduino-1.8.5/hardware/tools/avr/bin/../lib/gcc/avr/4.9.2/../../../../avr/lib/avr5/libm.a
START GROUP
LOAD /home/yvonne/Downloads/arduino-1.8.5/hardware/tools/avr/bin/../lib/gcc/avr/4.9.2/avr5/libgcc.a
LOAD /home/yvonne/Downloads/arduino-1.8.5/hardware/tools/avr/bin/../lib/gcc/avr/4.9.2/../../../../avr/lib/avr5/libm.a
LOAD /home/yvonne/Downloads/arduino-1.8.5/hardware/tools/avr/bin/../lib/gcc/avr/4.9.2/../../../../avr/lib/avr5/libc.a
LOAD /home/yvonne/Downloads/arduino-1.8.5/hardware/tools/avr/bin/../lib/gcc/avr/4.9.2/../../../../avr/lib/avr5/libatmega328p.a
END GROUP
                0x0000000000020000                __TEXT_REGION_LENGTH__ = DEFINED (__TEXT_REGION_LENGTH__)?__TEXT_REGION_LENGTH__:0x20000
                0x000000000000ffa0                __DATA_REGION_LENGTH__ = DEFINED (__DATA_REGION_LENGTH__)?__DATA_REGION_LENGTH__:0xffa0
                0x0000000000010000                __EEPROM_REGION_LENGTH__ = DEFINED (__EEPROM_REGION_LENGTH__)?__EEPROM_REGION_LENGTH__:0x10000
                [0x0000000000000003]                __FUSE_REGION_LENGTH__ = DEFINED (__FUSE_REGION_LENGTH__)?__FUSE_REGION_LENGTH__:0x400
                0x0000000000000400                __LOCK_REGION_LENGTH__ = DEFINED (__LOCK_REGION_LENGTH__)?__LOCK_REGION_LENGTH__:0x400
                0x0000000000000400                __SIGNATURE_REGION_LENGTH__ = DEFINED (__SIGNATURE_REGION_LENGTH__)?__SIGNATURE_REGION_LENGTH__:0x400
                0x0000000000000400                __USER_SIGNATURE_REGION_LENGTH__ = DEFINED (__USER_SIGNATURE_REGION_LENGTH__)?__USER_SIGNATURE_REGION_LENGTH__:0x400

.hash
 *(.hash)

.dynsym
 *(.dynsym)

.dynstr
 *(.dynstr)

.gnu.version
 *(.gnu.version)

.gnu.version_d
 *(.gnu.version_d)

.gnu.version_r
 *(.gnu.version_r)

.rel.init
 *(.rel.init)

.rela.init
 *(.rela.init)

.rel.text
 *(.rel.text)
 *(.rel.text.*)
 *(.rel.gnu.linkonce.t*)

.rela.text
 *(.rela.text)
 *(.rela.text.*)
 *(.rela.gnu.linkonce.t*)

.rel.fini
 *(.rel.fini)

.rela.fini
 *(.rela.fini)

.rel.rodata
 *(.rel.rodata)
 *(.rel.rodata.*)
 *(.rel.gnu.linkonce.r*)

.rela.rodata
 *(.rela.rodata)
 *(.rela.rodata.*)
 *(.rela.gnu.linkonce.r*)

.rel.data
 *(.rel.data)
 *(.rel.data.*)
 *(.rel.gnu.linkonce.d*)

.rela.data
 *(.rela.data)
 *(.rela.data.*)
 *(.rela.gnu.linkonce.d*)

.rel.ctors
 *(.rel.ctors)

.rela.ctors
 *(.rela.ctors)

.rel.dtors
 *(.rel.dtors)

.rela.dtors
 *(.rela.dtors)

.rel.got
 *(.rel.got)

.rela.got
 *(.rela.got)

.rel.bss
 *(.rel.bss)

.rela.bss
 *(.rela.bss)

.rel.plt
 *(.rel.plt)

.rela.plt
 *(.rela.plt)

.text           0x0000000000000000     0x1ae6
 *(.vectors)
 .vectors       0x0000000000000000       0x68 /home/yvonne/Downloads/arduino-1.8.5/hardware/tools/avr/bin/../lib/gcc/avr/4.9.2/../../../../avr/lib/avr5/crtatmega328p.o
                0x0000000000000000                __vectors
 *(.vectors)
 *(.progmem.gcc*)
 .progmem.gcc_sw_table._ZN7MCP_CAN18mcp2515_configRateEhh
                0x0000000000000068       0x48 obj/mcp_can.cpp.o
                0x00000000000000b0                . = ALIGN (0x2)
                0x00000000000000b0                __trampolines_start = .
 *(.trampolines)
 .trampolines   0x00000000000000b0        0x0 linker stubs
 *(.trampolines*)
                0x00000000000000b0                __trampolines_end = .
 *libprintf_flt.a:*(.progmem.data)
 *libc.a:*(.progmem.data)
 *(.progmem*)
 .progmem.data.digital_pin_to_timer_PGM
                0x00000000000000b0       0x14 /home/yvonne/water_depth/erika/lib/libarduinosdk.a(wiring_digital.c.o)
                0x00000000000000b0                digital_pin_to_timer_PGM
 .progmem.data.digital_pin_to_bit_mask_PGM
                0x00000000000000c4       0x14 /home/yvonne/water_depth/erika/lib/libarduinosdk.a(wiring_digital.c.o)
                0x00000000000000c4                digital_pin_to_bit_mask_PGM
 .progmem.data.digital_pin_to_port_PGM
                0x00000000000000d8       0x14 /home/yvonne/water_depth/erika/lib/libarduinosdk.a(wiring_digital.c.o)
                0x00000000000000d8                digital_pin_to_port_PGM
 .progmem.data.port_to_output_PGM
                0x00000000000000ec        0xa /home/yvonne/water_depth/erika/lib/libarduinosdk.a(wiring_digital.c.o)
                0x00000000000000ec                port_to_output_PGM
 .progmem.data.port_to_mode_PGM
                0x00000000000000f6        0xa /home/yvonne/water_depth/erika/lib/libarduinosdk.a(wiring_digital.c.o)
                0x00000000000000f6                port_to_mode_PGM
                0x0000000000000100                . = ALIGN (0x2)
 *(.jumptables)
 *(.jumptables*)
 *(.lowtext)
 *(.lowtext*)
                0x0000000000000100                __ctors_start = .
 *(.ctors)
 .ctors         0x0000000000000100        0x2 obj/code.cpp.o
 .ctors         0x0000000000000102        0x2 /home/yvonne/water_depth/erika/lib/libarduinosdk.a(HardwareSerial0.cpp.o)
                0x0000000000000104                __ctors_end = .
                0x0000000000000104                __dtors_start = .
 *(.dtors)
                0x0000000000000104                __dtors_end = .
 SORT(*)(.ctors)
 SORT(*)(.dtors)
 *(.init0)
 .init0         0x0000000000000104        0x0 /home/yvonne/Downloads/arduino-1.8.5/hardware/tools/avr/bin/../lib/gcc/avr/4.9.2/../../../../avr/lib/avr5/crtatmega328p.o
                0x0000000000000104                __init
 *(.init0)
 *(.init1)
 *(.init1)
 *(.init2)
 .init2         0x0000000000000104        0xc /home/yvonne/Downloads/arduino-1.8.5/hardware/tools/avr/bin/../lib/gcc/avr/4.9.2/../../../../avr/lib/avr5/crtatmega328p.o
 *(.init2)
 *(.init3)
 *(.init3)
 *(.init4)
 .init4         0x0000000000000110       0x16 /home/yvonne/Downloads/arduino-1.8.5/hardware/tools/avr/bin/../lib/gcc/avr/4.9.2/avr5/libgcc.a(_copy_data.o)
                0x0000000000000110                __do_copy_data
 .init4         0x0000000000000126       0x10 /home/yvonne/Downloads/arduino-1.8.5/hardware/tools/avr/bin/../lib/gcc/avr/4.9.2/avr5/libgcc.a(_clear_bss.o)
                0x0000000000000126                __do_clear_bss
 *(.init4)
 *(.init5)
 *(.init5)
 *(.init6)
 .init6         0x0000000000000136       0x16 /home/yvonne/Downloads/arduino-1.8.5/hardware/tools/avr/bin/../lib/gcc/avr/4.9.2/avr5/libgcc.a(_ctors.o)
                0x0000000000000136                __do_global_ctors
 *(.init6)
 *(.init7)
 *(.init7)
 *(.init8)
 *(.init8)
 *(.init9)
 .init9         0x000000000000014c        0x8 /home/yvonne/Downloads/arduino-1.8.5/hardware/tools/avr/bin/../lib/gcc/avr/4.9.2/../../../../avr/lib/avr5/crtatmega328p.o
 *(.init9)
 *(.text)
 .text          0x0000000000000154        0x4 /home/yvonne/Downloads/arduino-1.8.5/hardware/tools/avr/bin/../lib/gcc/avr/4.9.2/../../../../avr/lib/avr5/crtatmega328p.o
                0x0000000000000154                __vector_22
                0x0000000000000154                __vector_1
                0x0000000000000154                __vector_24
                0x0000000000000154                __vector_12
                0x0000000000000154                __bad_interrupt
                0x0000000000000154                __vector_6
                0x0000000000000154                __vector_3
                0x0000000000000154                __vector_23
                0x0000000000000154                __vector_25
                0x0000000000000154                __vector_11
                0x0000000000000154                __vector_13
                0x0000000000000154                __vector_17
                0x0000000000000154                __vector_7
                0x0000000000000154                __vector_5
                0x0000000000000154                __vector_4
                0x0000000000000154                __vector_9
                0x0000000000000154                __vector_2
                0x0000000000000154                __vector_21
                0x0000000000000154                __vector_15
                0x0000000000000154                __vector_8
                0x0000000000000154                __vector_14
                0x0000000000000154                __vector_10
                0x0000000000000154                __vector_20
 .text          0x0000000000000158       0xe4 /home/yvonne/water_depth/erika/lib/libee.a(ee_avr8_asm.S.o)
                0x0000000000000158                osEE_hal_save_ctx_and_restore_ctx
                0x0000000000000198                osEE_hal_restore_ctx
                0x00000000000001d8                osEE_hal_ready2stacked
                0x00000000000001e8                osEE_hal_save_ctx_and_ready2stacked
                0x0000000000000228                osEE_hal_terminate_ctx
                0x000000000000023c                . = ALIGN (0x2)
 *(.text.*)
 .text._ZN8SPIClass5beginEv
                0x000000000000023c       0x6c obj/SPI.cpp.o
                0x000000000000023c                _ZN8SPIClass5beginEv
 .text.loop     0x00000000000002a8       0x4c obj/code.cpp.o
                0x00000000000002a8                loop
 .text.setup    0x00000000000002f4       0x60 obj/code.cpp.o
                0x00000000000002f4                setup
 .text.idle_hook
                0x0000000000000354       0x12 obj/code.cpp.o
                0x0000000000000354                idle_hook
 .text.startup.main
                0x0000000000000366       0x14 obj/code.cpp.o
                0x0000000000000366                main
 .text.startup._GLOBAL__sub_I_led
                0x000000000000037a        0xa obj/code.cpp.o
 .text.FuncTaskL1
                0x0000000000000384      0x112 obj/code.cpp.o
                0x0000000000000384                FuncTaskL1
 .text._ZN8SPIClass16beginTransactionE11SPISettings
                0x0000000000000496       0x34 obj/mcp_can.cpp.o
                0x0000000000000496                _ZN8SPIClass16beginTransactionE11SPISettings
 .text._ZN8SPIClass8transferEh
                0x00000000000004ca        0xe obj/mcp_can.cpp.o
                0x00000000000004ca                _ZN8SPIClass8transferEh
 .text._ZN8SPIClass14endTransactionEv
                0x00000000000004d8       0x22 obj/mcp_can.cpp.o
                0x00000000000004d8                _ZN8SPIClass14endTransactionEv
 .text._Z11txSidhToRTSh
                0x00000000000004fa       0x1c obj/mcp_can.cpp.o
                0x00000000000004fa                _Z11txSidhToRTSh
 .text._Z14txSidhToTxLoadh
                0x0000000000000516       0x1c obj/mcp_can.cpp.o
                0x0000000000000516                _Z14txSidhToTxLoadh
 .text._ZN7MCP_CAN13mcp2515_resetEv
                0x0000000000000532       0x38 obj/mcp_can.cpp.o
                0x0000000000000532                _ZN7MCP_CAN13mcp2515_resetEv
 .text._ZN7MCP_CAN20mcp2515_readRegisterEh
                0x000000000000056a       0x44 obj/mcp_can.cpp.o
                0x000000000000056a                _ZN7MCP_CAN20mcp2515_readRegisterEh
 .text._ZN7MCP_CAN19mcp2515_setRegisterEhh
                0x00000000000005ae       0x56 obj/mcp_can.cpp.o
                0x00000000000005ae                _ZN7MCP_CAN19mcp2515_setRegisterEhh
 .text._ZN7MCP_CAN22mcp2515_modifyRegisterEhhh
                0x0000000000000604       0x62 obj/mcp_can.cpp.o
                0x0000000000000604                _ZN7MCP_CAN22mcp2515_modifyRegisterEhhh
 .text._ZN7MCP_CAN18mcp2515_readStatusEv
                0x0000000000000666       0x3c obj/mcp_can.cpp.o
                0x0000000000000666                _ZN7MCP_CAN18mcp2515_readStatusEv
 .text._ZN7MCP_CAN23mcp2515_setCANCTRL_ModeEh
                0x00000000000006a2       0x30 obj/mcp_can.cpp.o
                0x00000000000006a2                _ZN7MCP_CAN23mcp2515_setCANCTRL_ModeEh
 .text._ZN7MCP_CAN18mcp2515_configRateEhh
                0x00000000000006d2      0x138 obj/mcp_can.cpp.o
                0x00000000000006d2                _ZN7MCP_CAN18mcp2515_configRateEhh
 .text._ZN7MCP_CAN22mcp2515_initCANBuffersEv
                0x000000000000080a       0x4c obj/mcp_can.cpp.o
                0x000000000000080a                _ZN7MCP_CAN22mcp2515_initCANBuffersEv
 .text._ZN7MCP_CAN12mcp2515_initEhh
                0x0000000000000856       0xba obj/mcp_can.cpp.o
                0x0000000000000856                _ZN7MCP_CAN12mcp2515_initEhh
 .text._Z17mcp2515_id_to_bufhmPh
                0x0000000000000910       0x4e obj/mcp_can.cpp.o
                0x0000000000000910                _Z17mcp2515_id_to_bufhmPh
 .text._ZN7MCP_CAN22mcp2515_start_transmitEh
                0x000000000000095e       0x36 obj/mcp_can.cpp.o
                0x000000000000095e                _ZN7MCP_CAN22mcp2515_start_transmitEh
 .text._ZN7MCP_CAN20mcp2515_write_canMsgEhmhhhPVKh
                0x0000000000000994       0xf0 obj/mcp_can.cpp.o
                0x0000000000000994                _ZN7MCP_CAN20mcp2515_write_canMsgEhmhhhPVKh
 .text._ZN7MCP_CAN24mcp2515_getNextFreeTXBufEPh
                0x0000000000000a84       0x90 obj/mcp_can.cpp.o
                0x0000000000000a84                _ZN7MCP_CAN24mcp2515_getNextFreeTXBufEPh
 .text._ZN7MCP_CAN7init_CSEh
                0x0000000000000b14       0x26 obj/mcp_can.cpp.o
                0x0000000000000b14                _ZN7MCP_CAN7init_CSEh
 .text._ZN7MCP_CANC2Eh
                0x0000000000000b3a       0x10 obj/mcp_can.cpp.o
                0x0000000000000b3a                _ZN7MCP_CANC1Eh
                0x0000000000000b3a                _ZN7MCP_CANC2Eh
 .text._ZN7MCP_CAN5beginEhh
                0x0000000000000b4a       0x3c obj/mcp_can.cpp.o
                0x0000000000000b4a                _ZN7MCP_CAN5beginEhh
 .text._ZN7MCP_CAN7sendMsgEmhhhPKhb
                0x0000000000000b86       0xec obj/mcp_can.cpp.o
                0x0000000000000b86                _ZN7MCP_CAN7sendMsgEmhhhPKhb
 .text._ZN7MCP_CAN10sendMsgBufEmhhPKhb
                0x0000000000000c72       0x26 obj/mcp_can.cpp.o
                0x0000000000000c72                _ZN7MCP_CAN10sendMsgBufEmhhPKhb
 .text.__vector_16
                0x0000000000000c98       0x94 /home/yvonne/water_depth/erika/lib/libarduinosdk.a(wiring.c.o)
                0x0000000000000c98                __vector_16
 .text.micros   0x0000000000000d2c       0x4a /home/yvonne/water_depth/erika/lib/libarduinosdk.a(wiring.c.o)
                0x0000000000000d2c                micros
 .text.delay    0x0000000000000d76       0x78 /home/yvonne/water_depth/erika/lib/libarduinosdk.a(wiring.c.o)
                0x0000000000000d76                delay
 .text.delayMicroseconds
                0x0000000000000dee       0x16 /home/yvonne/water_depth/erika/lib/libarduinosdk.a(wiring.c.o)
                0x0000000000000dee                delayMicroseconds
 .text.init     0x0000000000000e04       0x76 /home/yvonne/water_depth/erika/lib/libarduinosdk.a(wiring.c.o)
                0x0000000000000e04                init
 .text.turnOffPWM
                0x0000000000000e7a       0x52 /home/yvonne/water_depth/erika/lib/libarduinosdk.a(wiring_digital.c.o)
 .text.pinMode  0x0000000000000ecc       0x78 /home/yvonne/water_depth/erika/lib/libarduinosdk.a(wiring_digital.c.o)
                0x0000000000000ecc                pinMode
 .text.digitalWrite
                0x0000000000000f44       0x60 /home/yvonne/water_depth/erika/lib/libarduinosdk.a(wiring_digital.c.o)
                0x0000000000000f44                digitalWrite
 .text.analogRead
                0x0000000000000fa4       0x3a /home/yvonne/water_depth/erika/lib/libarduinosdk.a(wiring_analog.c.o)
                0x0000000000000fa4                analogRead
 .text._ZN14HardwareSerial9availableEv
                0x0000000000000fde       0x18 /home/yvonne/water_depth/erika/lib/libarduinosdk.a(HardwareSerial.cpp.o)
                0x0000000000000fde                _ZN14HardwareSerial9availableEv
 .text._ZN14HardwareSerial4peekEv
                0x0000000000000ff6       0x1c /home/yvonne/water_depth/erika/lib/libarduinosdk.a(HardwareSerial.cpp.o)
                0x0000000000000ff6                _ZN14HardwareSerial4peekEv
 .text._ZN14HardwareSerial4readEv
                0x0000000000001012       0x28 /home/yvonne/water_depth/erika/lib/libarduinosdk.a(HardwareSerial.cpp.o)
                0x0000000000001012                _ZN14HardwareSerial4readEv
 .text._ZN14HardwareSerial17availableForWriteEv
                0x000000000000103a       0x1e /home/yvonne/water_depth/erika/lib/libarduinosdk.a(HardwareSerial.cpp.o)
                0x000000000000103a                _ZN14HardwareSerial17availableForWriteEv
 .text._Z14serialEventRunv
                0x0000000000001058       0x1c /home/yvonne/water_depth/erika/lib/libarduinosdk.a(HardwareSerial.cpp.o)
                0x0000000000001058                _Z14serialEventRunv
 .text._ZN14HardwareSerial17_tx_udr_empty_irqEv
                0x0000000000001074       0x42 /home/yvonne/water_depth/erika/lib/libarduinosdk.a(HardwareSerial.cpp.o)
                0x0000000000001074                _ZN14HardwareSerial17_tx_udr_empty_irqEv
 .text._ZN14HardwareSerial5flushEv
                0x00000000000010b6       0x44 /home/yvonne/water_depth/erika/lib/libarduinosdk.a(HardwareSerial.cpp.o)
                0x00000000000010b6                _ZN14HardwareSerial5flushEv
 .text._ZN14HardwareSerial5writeEh
                0x00000000000010fa       0x8e /home/yvonne/water_depth/erika/lib/libarduinosdk.a(HardwareSerial.cpp.o)
                0x00000000000010fa                _ZN14HardwareSerial5writeEh
 .text._ZN14HardwareSerial5beginEmh
                0x0000000000001188       0xca /home/yvonne/water_depth/erika/lib/libarduinosdk.a(HardwareSerial.cpp.o)
                0x0000000000001188                _ZN14HardwareSerial5beginEmh
 .text.__vector_18
                0x0000000000001252       0x64 /home/yvonne/water_depth/erika/lib/libarduinosdk.a(HardwareSerial0.cpp.o)
                0x0000000000001252                __vector_18
 .text.__vector_19
                0x00000000000012b6       0x4c /home/yvonne/water_depth/erika/lib/libarduinosdk.a(HardwareSerial0.cpp.o)
                0x00000000000012b6                __vector_19
 .text._Z17Serial0_availablev
                0x0000000000001302       0x14 /home/yvonne/water_depth/erika/lib/libarduinosdk.a(HardwareSerial0.cpp.o)
                0x0000000000001302                _Z17Serial0_availablev
 .text.startup._GLOBAL__sub_I___vector_18
                0x0000000000001316       0x5a /home/yvonne/water_depth/erika/lib/libarduinosdk.a(HardwareSerial0.cpp.o)
 .text._ZN5Print5writeEPKhj
                0x0000000000001370       0x56 /home/yvonne/water_depth/erika/lib/libarduinosdk.a(Print.cpp.o)
                0x0000000000001370                _ZN5Print5writeEPKhj
 .text._ZN5Print5writeEPKc
                0x00000000000013c6       0x2a /home/yvonne/water_depth/erika/lib/libarduinosdk.a(Print.cpp.o)
                0x00000000000013c6                _ZN5Print5writeEPKc
 .text._ZN5Print5printEPKc
                0x00000000000013f0        0x4 /home/yvonne/water_depth/erika/lib/libarduinosdk.a(Print.cpp.o)
                0x00000000000013f0                _ZN5Print5printEPKc
 .text._ZN5Print7printlnEv
                0x00000000000013f4        0x8 /home/yvonne/water_depth/erika/lib/libarduinosdk.a(Print.cpp.o)
                0x00000000000013f4                _ZN5Print7printlnEv
 .text._ZN5Print7printlnEPKc
                0x00000000000013fc       0x24 /home/yvonne/water_depth/erika/lib/libarduinosdk.a(Print.cpp.o)
                0x00000000000013fc                _ZN5Print7printlnEPKc
 .text._ZN5Print11printNumberEmh
                0x0000000000001420       0x92 /home/yvonne/water_depth/erika/lib/libarduinosdk.a(Print.cpp.o)
                0x0000000000001420                _ZN5Print11printNumberEmh
 .text._ZN5Print5printEmi
                0x00000000000014b2       0x1a /home/yvonne/water_depth/erika/lib/libarduinosdk.a(Print.cpp.o)
                0x00000000000014b2                _ZN5Print5printEmi
 .text._ZN5Print7printlnEhi
                0x00000000000014cc       0x2e /home/yvonne/water_depth/erika/lib/libarduinosdk.a(Print.cpp.o)
                0x00000000000014cc                _ZN5Print7printlnEhi
 .text.__empty  0x00000000000014fa        0x2 /home/yvonne/water_depth/erika/lib/libarduinosdk.a(hooks.c.o)
                0x00000000000014fa                yield
 .text.StartOS  0x00000000000014fc       0x72 /home/yvonne/water_depth/erika/lib/libee.a(ee_oo_api_osek.c.o)
                0x00000000000014fc                StartOS
 .text.ActivateTask
                0x000000000000156e       0x50 /home/yvonne/water_depth/erika/lib/libee.a(ee_oo_api_osek.c.o)
                0x000000000000156e                ActivateTask
 .text.TerminateTask
                0x00000000000015be       0x1e /home/yvonne/water_depth/erika/lib/libee.a(ee_oo_api_osek.c.o)
                0x00000000000015be                TerminateTask
 .text.osEE_scheduler_task_end
                0x00000000000015dc       0x30 /home/yvonne/water_depth/erika/lib/libee.a(ee_oo_sched_entry_points.c.o)
                0x00000000000015dc                osEE_scheduler_task_end
 .text.osEE_scheduler_task_wrapper_restore
                0x000000000000160c        0x2 /home/yvonne/water_depth/erika/lib/libee.a(ee_oo_sched_entry_points.c.o)
                0x000000000000160c                osEE_scheduler_task_wrapper_restore
 .text.osEE_scheduler_task_wrapper_run
                0x000000000000160e       0x24 /home/yvonne/water_depth/erika/lib/libee.a(ee_oo_sched_entry_points.c.o)
                0x000000000000160e                osEE_scheduler_task_wrapper_run
 .text.osEE_idle_hook_wrapper
                0x0000000000001632       0x40 /home/yvonne/water_depth/erika/lib/libee.a(ee_oo_sched_entry_points.c.o)
                0x0000000000001632                osEE_idle_hook_wrapper
 .text.osEE_scheduler_task_activated
                0x0000000000001672       0xce /home/yvonne/water_depth/erika/lib/libee.a(ee_oo_sched_partitioned.c.o)
                0x0000000000001672                osEE_scheduler_task_activated
 .text.osEE_scheduler_task_terminated
                0x0000000000001740       0xf4 /home/yvonne/water_depth/erika/lib/libee.a(ee_oo_sched_partitioned.c.o)
                0x0000000000001740                osEE_scheduler_task_terminated
 .text.__vector_default
                0x0000000000001834        0x4 /home/yvonne/water_depth/erika/lib/libee.a(ee_atmega_intvect.c.o)
                0x0000000000001834                __vector_default
                0x0000000000001834                tag___vector_default
 .text.osEE_atmega_intvect
                0x0000000000001838        0x4 /home/yvonne/water_depth/erika/lib/libee.a(ee_atmega_intvect.c.o)
                0x0000000000001838                osEE_atmega_intvect
 .text.osEE_change_context_from_running
                0x000000000000183c       0x38 /home/yvonne/water_depth/erika/lib/libee.a(ee_std_change_context.c.o)
                0x000000000000183c                osEE_change_context_from_running
 .text.osEE_change_context_from_task_end
                0x0000000000001874       0x2e /home/yvonne/water_depth/erika/lib/libee.a(ee_std_change_context.c.o)
                0x0000000000001874                osEE_change_context_from_task_end
 .text.osEE_idle_task_terminate
                0x00000000000018a2       0x36 /home/yvonne/water_depth/erika/lib/libee.a(ee_std_change_context.c.o)
                0x00000000000018a2                osEE_idle_task_terminate
 .text.osEE_scheduler_core_rq_preempt_stk
                0x00000000000018d8       0xae /home/yvonne/water_depth/erika/lib/libee.a(ee_oo_scheduler.c.o)
                0x00000000000018d8                osEE_scheduler_core_rq_preempt_stk
 .text.osEE_sn_priority_insert
                0x0000000000001986       0xaa /home/yvonne/water_depth/erika/lib/libee.a(ee_oo_scheduler.c.o)
                0x0000000000001986                osEE_sn_priority_insert
 .text.osEE_scheduler_rq_insert
                0x0000000000001a30        0xe /home/yvonne/water_depth/erika/lib/libee.a(ee_oo_scheduler.c.o)
                0x0000000000001a30                osEE_scheduler_rq_insert
 .text.osEE_scheduler_core_pop_running
                0x0000000000001a3e       0x54 /home/yvonne/water_depth/erika/lib/libee.a(ee_oo_scheduler.c.o)
                0x0000000000001a3e                osEE_scheduler_core_pop_running
 .text.libgcc.div
                0x0000000000001a92       0x44 /home/yvonne/Downloads/arduino-1.8.5/hardware/tools/avr/bin/../lib/gcc/avr/4.9.2/avr5/libgcc.a(_udivmodsi4.o)
                0x0000000000001a92                __udivmodsi4
 .text.libgcc   0x0000000000001ad6        0xc /home/yvonne/Downloads/arduino-1.8.5/hardware/tools/avr/bin/../lib/gcc/avr/4.9.2/avr5/libgcc.a(_tablejump2.o)
                0x0000000000001ad6                __tablejump2__
                0x0000000000001ae2                . = ALIGN (0x2)
 *(.fini9)
 .fini9         0x0000000000001ae2        0x0 /home/yvonne/Downloads/arduino-1.8.5/hardware/tools/avr/bin/../lib/gcc/avr/4.9.2/avr5/libgcc.a(_exit.o)
                0x0000000000001ae2                exit
                0x0000000000001ae2                _exit
 *(.fini9)
 *(.fini8)
 *(.fini8)
 *(.fini7)
 *(.fini7)
 *(.fini6)
 *(.fini6)
 *(.fini5)
 *(.fini5)
 *(.fini4)
 *(.fini4)
 *(.fini3)
 *(.fini3)
 *(.fini2)
 *(.fini2)
 *(.fini1)
 *(.fini1)
 *(.fini0)
 .fini0         0x0000000000001ae2        0x4 /home/yvonne/Downloads/arduino-1.8.5/hardware/tools/avr/bin/../lib/gcc/avr/4.9.2/avr5/libgcc.a(_exit.o)
 *(.fini0)
                0x0000000000001ae6                _etext = .

.data           0x0000000000800100      0x230 load address 0x0000000000001ae6
                0x0000000000800100                PROVIDE (__data_start, .)
 *(.data)
 *(.data*)
 .data.led      0x0000000000800100        0x2 obj/code.cpp.o
                0x0000000000800100                led
 .data.CCB      0x0000000000800102       0x12 obj/ee_applcfg.c.o
                0x0000000000800102                CCB
 .data.tcb_array
                0x0000000000800114        0x8 obj/ee_applcfg.c.o
                0x0000000000800114                tcb_array
 .data.analog_reference
                0x000000000080011c        0x1 /home/yvonne/water_depth/erika/lib/libarduinosdk.a(wiring_analog.c.o)
                0x000000000080011c                analog_reference
 *(.rodata)
 *(.rodata*)
 .rodata.str1.1
                0x000000000080011d       0x67 obj/code.cpp.o
                                         0x69 (size before relaxing)
 .rodata.KDB    0x0000000000800184        0xa obj/ee_applcfg.c.o
                0x0000000000800184                KDB
 .rodata.CDB    0x000000000080018e        0x6 obj/ee_applcfg.c.o
                0x000000000080018e                CDB
 .rodata.tdb_ptr_array
                0x0000000000800194        0x4 obj/ee_applcfg.c.o
                0x0000000000800194                tdb_ptr_array
 .rodata.tdb_array
                0x0000000000800198       0x1c obj/ee_applcfg.c.o
                0x0000000000800198                tdb_array
 .rodata.sdb_array
                0x00000000008001b4        0x4 obj/ee_applcfg.c.o
                0x00000000008001b4                sdb_array
 .rodata.str1.1
                0x00000000008001b8      0x151 obj/mcp_can.cpp.o
 .rodata.CSWTCH.58
                0x0000000000800309        0x3 obj/mcp_can.cpp.o
 .rodata.CSWTCH.56
                0x000000000080030c        0x3 obj/mcp_can.cpp.o
 .rodata.CSWTCH.48
                0x000000000080030f        0x3 obj/mcp_can.cpp.o
 .rodata._ZTV14HardwareSerial
                0x0000000000800312       0x12 /home/yvonne/water_depth/erika/lib/libarduinosdk.a(HardwareSerial.cpp.o)
                0x0000000000800312                _ZTV14HardwareSerial
 .rodata.str1.1
                0x0000000000800324        0xc /home/yvonne/water_depth/erika/lib/libarduinosdk.a(Print.cpp.o)
                                          0xf (size before relaxing)
 *(.gnu.linkonce.d*)
                0x0000000000800330                . = ALIGN (0x2)
                0x0000000000800330                _edata = .
                0x0000000000800330                PROVIDE (__data_end, .)

.bss            0x0000000000800330       0xc9
                0x0000000000800330                PROVIDE (__bss_start, .)
 *(.bss)
 *(.bss*)
 .bss._ZN8SPIClass13interruptSaveE
                0x0000000000800330        0x1 obj/SPI.cpp.o
                0x0000000000800330                _ZN8SPIClass13interruptSaveE
 .bss._ZN8SPIClass13interruptMaskE
                0x0000000000800331        0x1 obj/SPI.cpp.o
                0x0000000000800331                _ZN8SPIClass13interruptMaskE
 .bss._ZN8SPIClass13interruptModeE
                0x0000000000800332        0x1 obj/SPI.cpp.o
                0x0000000000800332                _ZN8SPIClass13interruptModeE
 .bss._ZN8SPIClass11initializedE
                0x0000000000800333        0x1 obj/SPI.cpp.o
                0x0000000000800333                _ZN8SPIClass11initializedE
 .bss.SPI       0x0000000000800334        0x1 obj/SPI.cpp.o
                0x0000000000800334                SPI
 .bss.CAN       0x0000000000800335        0xa obj/code.cpp.o
                0x0000000000800335                CAN
 .bss.old_sp    0x000000000080033f        0x2 obj/code.cpp.o
                0x000000000080033f                old_sp
 .bss.stk_wrong
                0x0000000000800341        0x1 obj/code.cpp.o
                0x0000000000800341                stk_wrong
 .bss.stmp      0x0000000000800342        0x8 obj/code.cpp.o
                0x0000000000800342                stmp
 .bss.TaskL1_count
                0x000000000080034a        0x2 obj/code.cpp.o
                0x000000000080034a                TaskL1_count
 .bss.sn_array  0x000000000080034c        0x4 obj/ee_applcfg.c.o
                0x000000000080034c                sn_array
 .bss.scb_array
                0x0000000000800350        0x2 obj/ee_applcfg.c.o
                0x0000000000800350                scb_array
 .bss.timer0_fract
                0x0000000000800352        0x1 /home/yvonne/water_depth/erika/lib/libarduinosdk.a(wiring.c.o)
 .bss.timer0_millis
                0x0000000000800353        0x4 /home/yvonne/water_depth/erika/lib/libarduinosdk.a(wiring.c.o)
                0x0000000000800353                timer0_millis
 .bss.timer0_overflow_count
                0x0000000000800357        0x4 /home/yvonne/water_depth/erika/lib/libarduinosdk.a(wiring.c.o)
                0x0000000000800357                timer0_overflow_count
 .bss.Serial    0x000000000080035b       0x9d /home/yvonne/water_depth/erika/lib/libarduinosdk.a(HardwareSerial0.cpp.o)
                0x000000000080035b                Serial
 *(COMMON)
 COMMON         0x00000000008003f8        0x1 obj/ee_applcfg.c.o
                0x00000000008003f8                KCB
                0x00000000008003f9                PROVIDE (__bss_end, .)
                0x0000000000001ae6                __data_load_start = LOADADDR (.data)
                0x0000000000001d16                __data_load_end = (__data_load_start + SIZEOF (.data))

.noinit         0x00000000008003f9        0x0
                [!provide]                        PROVIDE (__noinit_start, .)
 *(.noinit*)
                [!provide]                        PROVIDE (__noinit_end, .)
                0x00000000008003f9                _end = .
                [!provide]                        PROVIDE (__heap_start, .)

.eeprom         0x0000000000810000        0x0
 *(.eeprom*)
                0x0000000000810000                __eeprom_end = .

.fuse
 *(.fuse)
 *(.lfuse)
 *(.hfuse)
 *(.efuse)

.lock
 *(.lock*)

.signature
 *(.signature*)

.user_signatures
 *(.user_signatures*)

.stab
 *(.stab)

.stabstr
 *(.stabstr)

.stab.excl
 *(.stab.excl)

.stab.exclstr
 *(.stab.exclstr)

.stab.index
 *(.stab.index)

.stab.indexstr
 *(.stab.indexstr)

.comment        0x0000000000000000       0x11
 *(.comment)
 .comment       0x0000000000000000       0x11 obj/SPI.cpp.o
                                         0x12 (size before relaxing)
 .comment       0x0000000000000011       0x12 obj/code.cpp.o
 .comment       0x0000000000000011       0x12 obj/ee_applcfg.c.o
 .comment       0x0000000000000011       0x12 obj/mcp_can.cpp.o
 .comment       0x0000000000000011       0x12 /home/yvonne/water_depth/erika/lib/libarduinosdk.a(wiring.c.o)
 .comment       0x0000000000000011       0x12 /home/yvonne/water_depth/erika/lib/libarduinosdk.a(wiring_digital.c.o)
 .comment       0x0000000000000011       0x12 /home/yvonne/water_depth/erika/lib/libarduinosdk.a(wiring_analog.c.o)
 .comment       0x0000000000000011       0x12 /home/yvonne/water_depth/erika/lib/libarduinosdk.a(HardwareSerial.cpp.o)
 .comment       0x0000000000000011       0x12 /home/yvonne/water_depth/erika/lib/libarduinosdk.a(HardwareSerial0.cpp.o)
 .comment       0x0000000000000011       0x12 /home/yvonne/water_depth/erika/lib/libarduinosdk.a(Print.cpp.o)
 .comment       0x0000000000000011       0x12 /home/yvonne/water_depth/erika/lib/libarduinosdk.a(hooks.c.o)
 .comment       0x0000000000000011       0x12 /home/yvonne/water_depth/erika/lib/libee.a(ee_oo_api_osek.c.o)
 .comment       0x0000000000000011       0x12 /home/yvonne/water_depth/erika/lib/libee.a(ee_oo_sched_entry_points.c.o)
 .comment       0x0000000000000011       0x12 /home/yvonne/water_depth/erika/lib/libee.a(ee_oo_sched_partitioned.c.o)
 .comment       0x0000000000000011       0x12 /home/yvonne/water_depth/erika/lib/libee.a(ee_atmega_intvect.c.o)
 .comment       0x0000000000000011       0x12 /home/yvonne/water_depth/erika/lib/libee.a(ee_std_change_context.c.o)
 .comment       0x0000000000000011       0x12 /home/yvonne/water_depth/erika/lib/libee.a(ee_oo_scheduler.c.o)

.note.gnu.avr.deviceinfo
                0x0000000000000000       0x40
 .note.gnu.avr.deviceinfo
                0x0000000000000000       0x40 /home/yvonne/Downloads/arduino-1.8.5/hardware/tools/avr/bin/../lib/gcc/avr/4.9.2/../../../../avr/lib/avr5/crtatmega328p.o

.note.gnu.build-id
 *(.note.gnu.build-id)

.debug
 *(.debug)

.line
 *(.line)

.debug_srcinfo
 *(.debug_srcinfo)

.debug_sfnames
 *(.debug_sfnames)

.debug_aranges  0x0000000000000000      0x440
 *(.debug_aranges)
 .debug_aranges
                0x0000000000000000       0x48 /home/yvonne/water_depth/erika/lib/libarduinosdk.a(wiring.c.o)
 .debug_aranges
                0x0000000000000048       0x38 /home/yvonne/water_depth/erika/lib/libarduinosdk.a(wiring_digital.c.o)
 .debug_aranges
                0x0000000000000080       0x30 /home/yvonne/water_depth/erika/lib/libarduinosdk.a(wiring_analog.c.o)
 .debug_aranges
                0x00000000000000b0       0x68 /home/yvonne/water_depth/erika/lib/libarduinosdk.a(HardwareSerial.cpp.o)
 .debug_aranges
                0x0000000000000118       0x48 /home/yvonne/water_depth/erika/lib/libarduinosdk.a(HardwareSerial0.cpp.o)
 .debug_aranges
                0x0000000000000160      0x100 /home/yvonne/water_depth/erika/lib/libarduinosdk.a(Print.cpp.o)
 .debug_aranges
                0x0000000000000260       0x20 /home/yvonne/water_depth/erika/lib/libarduinosdk.a(hooks.c.o)
 .debug_aranges
                0x0000000000000280       0x90 /home/yvonne/water_depth/erika/lib/libee.a(ee_oo_api_osek.c.o)
 .debug_aranges
                0x0000000000000310       0x38 /home/yvonne/water_depth/erika/lib/libee.a(ee_oo_sched_entry_points.c.o)
 .debug_aranges
                0x0000000000000348       0x48 /home/yvonne/water_depth/erika/lib/libee.a(ee_oo_sched_partitioned.c.o)
 .debug_aranges
                0x0000000000000390       0x28 /home/yvonne/water_depth/erika/lib/libee.a(ee_atmega_intvect.c.o)
 .debug_aranges
                0x00000000000003b8       0x20 /home/yvonne/water_depth/erika/lib/libee.a(ee_avr8_asm.S.o)
 .debug_aranges
                0x00000000000003d8       0x30 /home/yvonne/water_depth/erika/lib/libee.a(ee_std_change_context.c.o)
 .debug_aranges
                0x0000000000000408       0x38 /home/yvonne/water_depth/erika/lib/libee.a(ee_oo_scheduler.c.o)

.debug_pubnames
 *(.debug_pubnames)

.debug_info     0x0000000000000000     0xc386
 *(.debug_info .gnu.linkonce.wi.*)
 .debug_info    0x0000000000000000      0x5f4 /home/yvonne/Downloads/arduino-1.8.5/hardware/tools/avr/bin/../lib/gcc/avr/4.9.2/../../../../avr/lib/avr5/crtatmega328p.o
 .debug_info    0x00000000000005f4      0x2c4 /home/yvonne/water_depth/erika/lib/libarduinosdk.a(wiring.c.o)
 .debug_info    0x00000000000008b8      0x5f5 /home/yvonne/water_depth/erika/lib/libarduinosdk.a(wiring_digital.c.o)
 .debug_info    0x0000000000000ead      0x27d /home/yvonne/water_depth/erika/lib/libarduinosdk.a(wiring_analog.c.o)
 .debug_info    0x000000000000112a     0x1e35 /home/yvonne/water_depth/erika/lib/libarduinosdk.a(HardwareSerial.cpp.o)
 .debug_info    0x0000000000002f5f     0x1ac7 /home/yvonne/water_depth/erika/lib/libarduinosdk.a(HardwareSerial0.cpp.o)
 .debug_info    0x0000000000004a26     0x2a7c /home/yvonne/water_depth/erika/lib/libarduinosdk.a(Print.cpp.o)
 .debug_info    0x00000000000074a2       0x3a /home/yvonne/water_depth/erika/lib/libarduinosdk.a(hooks.c.o)
 .debug_info    0x00000000000074dc     0x17e8 /home/yvonne/water_depth/erika/lib/libee.a(ee_oo_api_osek.c.o)
 .debug_info    0x0000000000008cc4      0xabc /home/yvonne/water_depth/erika/lib/libee.a(ee_oo_sched_entry_points.c.o)
 .debug_info    0x0000000000009780      0xf4d /home/yvonne/water_depth/erika/lib/libee.a(ee_oo_sched_partitioned.c.o)
 .debug_info    0x000000000000a6cd      0x777 /home/yvonne/water_depth/erika/lib/libee.a(ee_atmega_intvect.c.o)
 .debug_info    0x000000000000ae44       0x76 /home/yvonne/water_depth/erika/lib/libee.a(ee_avr8_asm.S.o)
 .debug_info    0x000000000000aeba      0x95f /home/yvonne/water_depth/erika/lib/libee.a(ee_std_change_context.c.o)
 .debug_info    0x000000000000b819      0xb6d /home/yvonne/water_depth/erika/lib/libee.a(ee_oo_scheduler.c.o)

.debug_abbrev   0x0000000000000000     0x2578
 *(.debug_abbrev)
 .debug_abbrev  0x0000000000000000      0x5a2 /home/yvonne/Downloads/arduino-1.8.5/hardware/tools/avr/bin/../lib/gcc/avr/4.9.2/../../../../avr/lib/avr5/crtatmega328p.o
 .debug_abbrev  0x00000000000005a2      0x143 /home/yvonne/water_depth/erika/lib/libarduinosdk.a(wiring.c.o)
 .debug_abbrev  0x00000000000006e5      0x159 /home/yvonne/water_depth/erika/lib/libarduinosdk.a(wiring_digital.c.o)
 .debug_abbrev  0x000000000000083e      0x182 /home/yvonne/water_depth/erika/lib/libarduinosdk.a(wiring_analog.c.o)
 .debug_abbrev  0x00000000000009c0      0x478 /home/yvonne/water_depth/erika/lib/libarduinosdk.a(HardwareSerial.cpp.o)
 .debug_abbrev  0x0000000000000e38      0x3dd /home/yvonne/water_depth/erika/lib/libarduinosdk.a(HardwareSerial0.cpp.o)
 .debug_abbrev  0x0000000000001215      0x498 /home/yvonne/water_depth/erika/lib/libarduinosdk.a(Print.cpp.o)
 .debug_abbrev  0x00000000000016ad       0x28 /home/yvonne/water_depth/erika/lib/libarduinosdk.a(hooks.c.o)
 .debug_abbrev  0x00000000000016d5      0x3d2 /home/yvonne/water_depth/erika/lib/libee.a(ee_oo_api_osek.c.o)
 .debug_abbrev  0x0000000000001aa7      0x2d5 /home/yvonne/water_depth/erika/lib/libee.a(ee_oo_sched_entry_points.c.o)
 .debug_abbrev  0x0000000000001d7c      0x2d1 /home/yvonne/water_depth/erika/lib/libee.a(ee_oo_sched_partitioned.c.o)
 .debug_abbrev  0x000000000000204d      0x111 /home/yvonne/water_depth/erika/lib/libee.a(ee_atmega_intvect.c.o)
 .debug_abbrev  0x000000000000215e       0x14 /home/yvonne/water_depth/erika/lib/libee.a(ee_avr8_asm.S.o)
 .debug_abbrev  0x0000000000002172      0x186 /home/yvonne/water_depth/erika/lib/libee.a(ee_std_change_context.c.o)
 .debug_abbrev  0x00000000000022f8      0x280 /home/yvonne/water_depth/erika/lib/libee.a(ee_oo_scheduler.c.o)

.debug_line     0x0000000000000000     0x2b49
 *(.debug_line .debug_line.* .debug_line_end)
 .debug_line    0x0000000000000000       0x1a /home/yvonne/Downloads/arduino-1.8.5/hardware/tools/avr/bin/../lib/gcc/avr/4.9.2/../../../../avr/lib/avr5/crtatmega328p.o
 .debug_line    0x000000000000001a      0x2e2 /home/yvonne/water_depth/erika/lib/libarduinosdk.a(wiring.c.o)
 .debug_line    0x00000000000002fc      0x2ab /home/yvonne/water_depth/erika/lib/libarduinosdk.a(wiring_digital.c.o)
 .debug_line    0x00000000000005a7      0x258 /home/yvonne/water_depth/erika/lib/libarduinosdk.a(wiring_analog.c.o)
 .debug_line    0x00000000000007ff      0x45d /home/yvonne/water_depth/erika/lib/libarduinosdk.a(HardwareSerial.cpp.o)
 .debug_line    0x0000000000000c5c      0x2c3 /home/yvonne/water_depth/erika/lib/libarduinosdk.a(HardwareSerial0.cpp.o)
 .debug_line    0x0000000000000f1f      0x6d2 /home/yvonne/water_depth/erika/lib/libarduinosdk.a(Print.cpp.o)
 .debug_line    0x00000000000015f1       0x7d /home/yvonne/water_depth/erika/lib/libarduinosdk.a(hooks.c.o)
 .debug_line    0x000000000000166e      0x692 /home/yvonne/water_depth/erika/lib/libee.a(ee_oo_api_osek.c.o)
 .debug_line    0x0000000000001d00      0x26a /home/yvonne/water_depth/erika/lib/libee.a(ee_oo_sched_entry_points.c.o)
 .debug_line    0x0000000000001f6a      0x40d /home/yvonne/water_depth/erika/lib/libee.a(ee_oo_sched_partitioned.c.o)
 .debug_line    0x0000000000002377      0x18b /home/yvonne/water_depth/erika/lib/libee.a(ee_atmega_intvect.c.o)
 .debug_line    0x0000000000002502       0xdd /home/yvonne/water_depth/erika/lib/libee.a(ee_avr8_asm.S.o)
 .debug_line    0x00000000000025df      0x22f /home/yvonne/water_depth/erika/lib/libee.a(ee_std_change_context.c.o)
 .debug_line    0x000000000000280e      0x33b /home/yvonne/water_depth/erika/lib/libee.a(ee_oo_scheduler.c.o)

.debug_frame    0x0000000000000000      0xb6c
 *(.debug_frame)
 .debug_frame   0x0000000000000000       0xc4 /home/yvonne/water_depth/erika/lib/libarduinosdk.a(wiring.c.o)
 .debug_frame   0x00000000000000c4       0x7c /home/yvonne/water_depth/erika/lib/libarduinosdk.a(wiring_digital.c.o)
 .debug_frame   0x0000000000000140       0x54 /home/yvonne/water_depth/erika/lib/libarduinosdk.a(wiring_analog.c.o)
 .debug_frame   0x0000000000000194      0x110 /home/yvonne/water_depth/erika/lib/libarduinosdk.a(HardwareSerial.cpp.o)
 .debug_frame   0x00000000000002a4       0xe0 /home/yvonne/water_depth/erika/lib/libarduinosdk.a(HardwareSerial0.cpp.o)
 .debug_frame   0x0000000000000384      0x3b0 /home/yvonne/water_depth/erika/lib/libarduinosdk.a(Print.cpp.o)
 .debug_frame   0x0000000000000734       0x24 /home/yvonne/water_depth/erika/lib/libarduinosdk.a(hooks.c.o)
 .debug_frame   0x0000000000000758      0x160 /home/yvonne/water_depth/erika/lib/libee.a(ee_oo_api_osek.c.o)
 .debug_frame   0x00000000000008b8       0x78 /home/yvonne/water_depth/erika/lib/libee.a(ee_oo_sched_entry_points.c.o)
 .debug_frame   0x0000000000000930      0x114 /home/yvonne/water_depth/erika/lib/libee.a(ee_oo_sched_partitioned.c.o)
 .debug_frame   0x0000000000000a44       0x34 /home/yvonne/water_depth/erika/lib/libee.a(ee_atmega_intvect.c.o)
 .debug_frame   0x0000000000000a78       0x44 /home/yvonne/water_depth/erika/lib/libee.a(ee_std_change_context.c.o)
 .debug_frame   0x0000000000000abc       0xb0 /home/yvonne/water_depth/erika/lib/libee.a(ee_oo_scheduler.c.o)

.debug_str      0x0000000000000000     0x3128
 *(.debug_str)
 .debug_str     0x0000000000000000      0x208 /home/yvonne/Downloads/arduino-1.8.5/hardware/tools/avr/bin/../lib/gcc/avr/4.9.2/../../../../avr/lib/avr5/crtatmega328p.o
 .debug_str     0x0000000000000208      0x193 /home/yvonne/water_depth/erika/lib/libarduinosdk.a(wiring.c.o)
                                        0x1d9 (size before relaxing)
 .debug_str     0x000000000000039b      0x12e /home/yvonne/water_depth/erika/lib/libarduinosdk.a(wiring_digital.c.o)
                                        0x23e (size before relaxing)
 .debug_str     0x00000000000004c9       0x95 /home/yvonne/water_depth/erika/lib/libarduinosdk.a(wiring_analog.c.o)
                                        0x1dd (size before relaxing)
 .debug_str     0x000000000000055e     0x1202 /home/yvonne/water_depth/erika/lib/libarduinosdk.a(HardwareSerial.cpp.o)
                                       0x1313 (size before relaxing)
 .debug_str     0x0000000000001760       0xf8 /home/yvonne/water_depth/erika/lib/libarduinosdk.a(HardwareSerial0.cpp.o)
                                       0x1156 (size before relaxing)
 .debug_str     0x0000000000001858      0x3e7 /home/yvonne/water_depth/erika/lib/libarduinosdk.a(Print.cpp.o)
                                        0xfcb (size before relaxing)
 .debug_str     0x0000000000001c3f       0x58 /home/yvonne/water_depth/erika/lib/libarduinosdk.a(hooks.c.o)
                                         0xce (size before relaxing)
 .debug_str     0x0000000000001c97      0xdfe /home/yvonne/water_depth/erika/lib/libee.a(ee_oo_api_osek.c.o)
                                       0x102a (size before relaxing)
 .debug_str     0x0000000000002a95      0x165 /home/yvonne/water_depth/erika/lib/libee.a(ee_oo_sched_entry_points.c.o)
                                        0x9de (size before relaxing)
 .debug_str     0x0000000000002bfa      0x2da /home/yvonne/water_depth/erika/lib/libee.a(ee_oo_sched_partitioned.c.o)
                                        0xaf0 (size before relaxing)
 .debug_str     0x0000000000002ed4       0x5c /home/yvonne/water_depth/erika/lib/libee.a(ee_atmega_intvect.c.o)
                                        0x7bf (size before relaxing)
 .debug_str     0x0000000000002f30       0xb1 /home/yvonne/water_depth/erika/lib/libee.a(ee_std_change_context.c.o)
                                        0x8ab (size before relaxing)
 .debug_str     0x0000000000002fe1      0x147 /home/yvonne/water_depth/erika/lib/libee.a(ee_oo_scheduler.c.o)
                                        0x96e (size before relaxing)

.debug_loc      0x0000000000000000     0x48fe
 *(.debug_loc)
 .debug_loc     0x0000000000000000      0x269 /home/yvonne/water_depth/erika/lib/libarduinosdk.a(wiring.c.o)
 .debug_loc     0x0000000000000269      0x5e3 /home/yvonne/water_depth/erika/lib/libarduinosdk.a(wiring_digital.c.o)
 .debug_loc     0x000000000000084c       0xfe /home/yvonne/water_depth/erika/lib/libarduinosdk.a(wiring_analog.c.o)
 .debug_loc     0x000000000000094a      0x497 /home/yvonne/water_depth/erika/lib/libarduinosdk.a(HardwareSerial.cpp.o)
 .debug_loc     0x0000000000000de1      0x187 /home/yvonne/water_depth/erika/lib/libarduinosdk.a(HardwareSerial0.cpp.o)
 .debug_loc     0x0000000000000f68     0x1f0f /home/yvonne/water_depth/erika/lib/libarduinosdk.a(Print.cpp.o)
 .debug_loc     0x0000000000002e77      0x65a /home/yvonne/water_depth/erika/lib/libee.a(ee_oo_api_osek.c.o)
 .debug_loc     0x00000000000034d1      0x118 /home/yvonne/water_depth/erika/lib/libee.a(ee_oo_sched_entry_points.c.o)
 .debug_loc     0x00000000000035e9      0xa0d /home/yvonne/water_depth/erika/lib/libee.a(ee_oo_sched_partitioned.c.o)
 .debug_loc     0x0000000000003ff6      0x2dc /home/yvonne/water_depth/erika/lib/libee.a(ee_std_change_context.c.o)
 .debug_loc     0x00000000000042d2      0x62c /home/yvonne/water_depth/erika/lib/libee.a(ee_oo_scheduler.c.o)

.debug_macinfo
 *(.debug_macinfo)

.debug_weaknames
 *(.debug_weaknames)

.debug_funcnames
 *(.debug_funcnames)

.debug_typenames
 *(.debug_typenames)

.debug_varnames
 *(.debug_varnames)

.debug_pubtypes
 *(.debug_pubtypes)

.debug_ranges   0x0000000000000000      0x3f8
 *(.debug_ranges)
 .debug_ranges  0x0000000000000000       0x38 /home/yvonne/water_depth/erika/lib/libarduinosdk.a(wiring.c.o)
 .debug_ranges  0x0000000000000038       0x28 /home/yvonne/water_depth/erika/lib/libarduinosdk.a(wiring_digital.c.o)
 .debug_ranges  0x0000000000000060       0x20 /home/yvonne/water_depth/erika/lib/libarduinosdk.a(wiring_analog.c.o)
 .debug_ranges  0x0000000000000080       0x70 /home/yvonne/water_depth/erika/lib/libarduinosdk.a(HardwareSerial.cpp.o)
 .debug_ranges  0x00000000000000f0       0x38 /home/yvonne/water_depth/erika/lib/libarduinosdk.a(HardwareSerial0.cpp.o)
 .debug_ranges  0x0000000000000128      0x138 /home/yvonne/water_depth/erika/lib/libarduinosdk.a(Print.cpp.o)
 .debug_ranges  0x0000000000000260       0x10 /home/yvonne/water_depth/erika/lib/libarduinosdk.a(hooks.c.o)
 .debug_ranges  0x0000000000000270       0xb0 /home/yvonne/water_depth/erika/lib/libee.a(ee_oo_api_osek.c.o)
 .debug_ranges  0x0000000000000320       0x40 /home/yvonne/water_depth/erika/lib/libee.a(ee_oo_sched_entry_points.c.o)
 .debug_ranges  0x0000000000000360       0x38 /home/yvonne/water_depth/erika/lib/libee.a(ee_oo_sched_partitioned.c.o)
 .debug_ranges  0x0000000000000398       0x18 /home/yvonne/water_depth/erika/lib/libee.a(ee_atmega_intvect.c.o)
 .debug_ranges  0x00000000000003b0       0x20 /home/yvonne/water_depth/erika/lib/libee.a(ee_std_change_context.c.o)
 .debug_ranges  0x00000000000003d0       0x28 /home/yvonne/water_depth/erika/lib/libee.a(ee_oo_scheduler.c.o)

.debug_macro
 *(.debug_macro)
OUTPUT(arduino.elf elf32-avr)
LOAD linker stubs
