Archive member included to satisfy reference by file (symbol)

/home/yvonne/distance_sensor/erika/lib/libarduinosdk.a(wiring.c.o)
                              obj/code.cpp.o (delay)
/home/yvonne/distance_sensor/erika/lib/libarduinosdk.a(wiring_digital.c.o)
                              obj/SPI.cpp.o (pinMode)
/home/yvonne/distance_sensor/erika/lib/libarduinosdk.a(wiring_pulse.c.o)
                              obj/code.cpp.o (pulseIn)
/home/yvonne/distance_sensor/erika/lib/libarduinosdk.a(wiring_pulse.S.o)
                              /home/yvonne/distance_sensor/erika/lib/libarduinosdk.a(wiring_pulse.c.o) (countPulseASM)
/home/yvonne/distance_sensor/erika/lib/libarduinosdk.a(HardwareSerial.cpp.o)
                              obj/code.cpp.o (_ZN14HardwareSerial4readEv)
/home/yvonne/distance_sensor/erika/lib/libarduinosdk.a(HardwareSerial0.cpp.o)
                              obj/code.cpp.o (Serial)
/home/yvonne/distance_sensor/erika/lib/libarduinosdk.a(Print.cpp.o)
                              obj/code.cpp.o (_ZN5Print5writeEPKhj)
/home/yvonne/distance_sensor/erika/lib/libarduinosdk.a(hooks.c.o)
                              /home/yvonne/distance_sensor/erika/lib/libarduinosdk.a(wiring.c.o) (yield)
/home/yvonne/distance_sensor/erika/lib/libarduinosdk.a(abi.cpp.o)
                              /home/yvonne/distance_sensor/erika/lib/libarduinosdk.a(Print.cpp.o) (__cxa_pure_virtual)
/home/yvonne/distance_sensor/erika/lib/libee.a(ee_oo_api_osek.c.o)
                              obj/code.cpp.o (StartOS)
/home/yvonne/distance_sensor/erika/lib/libee.a(ee_oo_sched_entry_points.c.o)
                              /home/yvonne/distance_sensor/erika/lib/libee.a(ee_oo_api_osek.c.o) (osEE_scheduler_task_end)
/home/yvonne/distance_sensor/erika/lib/libee.a(ee_oo_sched_partitioned.c.o)
                              /home/yvonne/distance_sensor/erika/lib/libee.a(ee_oo_api_osek.c.o) (osEE_scheduler_task_activated)
/home/yvonne/distance_sensor/erika/lib/libee.a(ee_atmega_intvect.c.o)
                              /home/yvonne/distance_sensor/erika/lib/libee.a(ee_oo_api_osek.c.o) (osEE_atmega_intvect)
/home/yvonne/distance_sensor/erika/lib/libee.a(ee_avr8_asm.S.o)
                              /home/yvonne/distance_sensor/erika/lib/libee.a(ee_oo_api_osek.c.o) (osEE_hal_save_ctx_and_ready2stacked)
/home/yvonne/distance_sensor/erika/lib/libee.a(ee_std_change_context.c.o)
                              /home/yvonne/distance_sensor/erika/lib/libee.a(ee_oo_sched_partitioned.c.o) (osEE_change_context_from_running)
/home/yvonne/distance_sensor/erika/lib/libee.a(ee_oo_scheduler.c.o)
                              /home/yvonne/distance_sensor/erika/lib/libee.a(ee_oo_sched_partitioned.c.o) (osEE_scheduler_core_rq_preempt_stk)
/home/yvonne/Downloads/arduino-1.8.5/hardware/tools/avr/bin/../lib/gcc/avr/4.9.2/../../../../avr/lib/avr5/libm.a(addsf3.o)
                              /home/yvonne/distance_sensor/erika/lib/libarduinosdk.a(Print.cpp.o) (__subsf3)
/home/yvonne/Downloads/arduino-1.8.5/hardware/tools/avr/bin/../lib/gcc/avr/4.9.2/../../../../avr/lib/avr5/libm.a(addsf3x.o)
                              /home/yvonne/Downloads/arduino-1.8.5/hardware/tools/avr/bin/../lib/gcc/avr/4.9.2/../../../../avr/lib/avr5/libm.a(addsf3.o) (__addsf3x)
/home/yvonne/Downloads/arduino-1.8.5/hardware/tools/avr/bin/../lib/gcc/avr/4.9.2/../../../../avr/lib/avr5/libm.a(cmpsf2.o)
                              /home/yvonne/distance_sensor/erika/lib/libarduinosdk.a(Print.cpp.o) (__ltsf2)
/home/yvonne/Downloads/arduino-1.8.5/hardware/tools/avr/bin/../lib/gcc/avr/4.9.2/../../../../avr/lib/avr5/libm.a(divsf3.o)
                              /home/yvonne/distance_sensor/erika/lib/libarduinosdk.a(Print.cpp.o) (__divsf3)
/home/yvonne/Downloads/arduino-1.8.5/hardware/tools/avr/bin/../lib/gcc/avr/4.9.2/../../../../avr/lib/avr5/libm.a(divsf3x.o)
                              /home/yvonne/Downloads/arduino-1.8.5/hardware/tools/avr/bin/../lib/gcc/avr/4.9.2/../../../../avr/lib/avr5/libm.a(divsf3.o) (__divsf3x)
/home/yvonne/Downloads/arduino-1.8.5/hardware/tools/avr/bin/../lib/gcc/avr/4.9.2/../../../../avr/lib/avr5/libm.a(fixsfsi.o)
                              obj/code.cpp.o (__fixsfsi)
/home/yvonne/Downloads/arduino-1.8.5/hardware/tools/avr/bin/../lib/gcc/avr/4.9.2/../../../../avr/lib/avr5/libm.a(fixunssfsi.o)
                              /home/yvonne/distance_sensor/erika/lib/libarduinosdk.a(Print.cpp.o) (__fixunssfsi)
/home/yvonne/Downloads/arduino-1.8.5/hardware/tools/avr/bin/../lib/gcc/avr/4.9.2/../../../../avr/lib/avr5/libm.a(floatsisf.o)
                              /home/yvonne/distance_sensor/erika/lib/libarduinosdk.a(Print.cpp.o) (__floatunsisf)
/home/yvonne/Downloads/arduino-1.8.5/hardware/tools/avr/bin/../lib/gcc/avr/4.9.2/../../../../avr/lib/avr5/libm.a(fp_cmp.o)
                              /home/yvonne/Downloads/arduino-1.8.5/hardware/tools/avr/bin/../lib/gcc/avr/4.9.2/../../../../avr/lib/avr5/libm.a(cmpsf2.o) (__fp_cmp)
[...]
Memory Configuration

Name             Origin             Length             Attributes
text             0x0000000000000000 0x0000000000020000 xr
data             0x0000000000800060 0x000000000000ffa0 rw !x
eeprom           0x0000000000810000 0x0000000000010000 rw !x
fuse             0x0000000000820000 0x0000000000000003 rw !x
lock             0x0000000000830000 0x0000000000000400 rw !x
signature        0x0000000000840000 0x0000000000000400 rw !x
user_signatures  0x0000000000850000 0x0000000000000400 rw !x
*default*        0x0000000000000000 0xffffffffffffffff

Linker script and memory map

Address of section .data set to 0x800100
LOAD /home/yvonne/Downloads/arduino-1.8.5/hardware/tools/avr/bin/../lib/gcc/avr/4.9.2/../../../../avr/lib/avr5/crtatmega328p.o
LOAD obj/SPI.cpp.o
LOAD obj/code.cpp.o
LOAD obj/ee_applcfg.c.o
LOAD obj/mcp_can.cpp.o
START GROUP
LOAD /home/yvonne/distance_sensor/erika/lib/libarduinosdk.a
LOAD /home/yvonne/distance_sensor/erika/lib/libee.a
END GROUP
LOAD /home/yvonne/Downloads/arduino-1.8.5/hardware/tools/avr/bin/../lib/gcc/avr/4.9.2/../../../../avr/lib/avr5/libm.a
START GROUP
LOAD /home/yvonne/Downloads/arduino-1.8.5/hardware/tools/avr/bin/../lib/gcc/avr/4.9.2/avr5/libgcc.a
LOAD /home/yvonne/Downloads/arduino-1.8.5/hardware/tools/avr/bin/../lib/gcc/avr/4.9.2/../../../../avr/lib/avr5/libm.a
LOAD /home/yvonne/Downloads/arduino-1.8.5/hardware/tools/avr/bin/../lib/gcc/avr/4.9.2/../../../../avr/lib/avr5/libc.a
LOAD /home/yvonne/Downloads/arduino-1.8.5/hardware/tools/avr/bin/../lib/gcc/avr/4.9.2/../../../../avr/lib/avr5/libatmega328p.a
END GROUP
                0x0000000000020000                __TEXT_REGION_LENGTH__ = DEFINED (__TEXT_REGION_LENGTH__)?__TEXT_REGION_LENGTH__:0x20000
                0x000000000000ffa0                __DATA_REGION_LENGTH__ = DEFINED (__DATA_REGION_LENGTH__)?__DATA_REGION_LENGTH__:0xffa0
                0x0000000000010000                __EEPROM_REGION_LENGTH__ = DEFINED (__EEPROM_REGION_LENGTH__)?__EEPROM_REGION_LENGTH__:0x10000
                [0x0000000000000003]                __FUSE_REGION_LENGTH__ = DEFINED (__FUSE_REGION_LENGTH__)?__FUSE_REGION_LENGTH__:0x400
                0x0000000000000400                __LOCK_REGION_LENGTH__ = DEFINED (__LOCK_REGION_LENGTH__)?__LOCK_REGION_LENGTH__:0x400
                0x0000000000000400                __SIGNATURE_REGION_LENGTH__ = DEFINED (__SIGNATURE_REGION_LENGTH__)?__SIGNATURE_REGION_LENGTH__:0x400
                0x0000000000000400                __USER_SIGNATURE_REGION_LENGTH__ = DEFINED (__USER_SIGNATURE_REGION_LENGTH__)?__USER_SIGNATURE_REGION_LENGTH__:0x400

.hash
 *(.hash)

.dynsym
 *(.dynsym)

.dynstr
 *(.dynstr)

.gnu.version
 *(.gnu.version)

.gnu.version_d
 *(.gnu.version_d)

.gnu.version_r
 *(.gnu.version_r)

.rel.init
 *(.rel.init)

.rela.init
 *(.rela.init)

.rel.text
 *(.rel.text)
 *(.rel.text.*)
 *(.rel.gnu.linkonce.t*)

.rela.text
 *(.rela.text)
 *(.rela.text.*)
 *(.rela.gnu.linkonce.t*)

.rel.fini
 *(.rel.fini)

.rela.fini
 *(.rela.fini)

.rel.rodata
 *(.rel.rodata)
 *(.rel.rodata.*)
 *(.rel.gnu.linkonce.r*)

.rela.rodata
 *(.rela.rodata)
 *(.rela.rodata.*)
 *(.rela.gnu.linkonce.r*)

.rel.data
 *(.rel.data)
 *(.rel.data.*)
 *(.rel.gnu.linkonce.d*)

.rela.data
 *(.rela.data)
 *(.rela.data.*)
 *(.rela.gnu.linkonce.d*)

.rel.ctors
 *(.rel.ctors)

.rela.ctors
 *(.rela.ctors)

.rel.dtors
 *(.rel.dtors)

.rela.dtors
 *(.rela.dtors)

.rel.got
 *(.rel.got)

.rela.got
 *(.rela.got)

.rel.bss
 *(.rel.bss)

.rela.bss
 *(.rela.bss)

.rel.plt
 *(.rel.plt)

.rela.plt
 *(.rela.plt)

.text           0x0000000000000000     0x1d8e
 *(.vectors)
 .vectors       0x0000000000000000       0x68 /home/yvonne/Downloads/arduino-1.8.5/hardware/tools/avr/bin/../lib/gcc/avr/4.9.2/../../../../avr/lib/avr5/crtatmega328p.o
                0x0000000000000000                __vectors
 *(.vectors)
 *(.progmem.gcc*)
 .progmem.gcc_sw_table._ZN7MCP_CAN18mcp2515_configRateEhh
                0x0000000000000068       0x48 obj/mcp_can.cpp.o
                0x00000000000000b0                . = ALIGN (0x2)
                0x00000000000000b0                __trampolines_start = .
 *(.trampolines)
 .trampolines   0x00000000000000b0        0x0 linker stubs
 *(.trampolines*)
                0x00000000000000b0                __trampolines_end = .
 *libprintf_flt.a:*(.progmem.data)
 *libc.a:*(.progmem.data)
 *(.progmem*)
 .progmem.data.digital_pin_to_timer_PGM
                0x00000000000000b0       0x14 /home/yvonne/distance_sensor/erika/lib/libarduinosdk.a(wiring_digital.c.o)
                0x00000000000000b0                digital_pin_to_timer_PGM
 .progmem.data.digital_pin_to_bit_mask_PGM
                0x00000000000000c4       0x14 /home/yvonne/distance_sensor/erika/lib/libarduinosdk.a(wiring_digital.c.o)
                0x00000000000000c4                digital_pin_to_bit_mask_PGM
 .progmem.data.digital_pin_to_port_PGM
                0x00000000000000d8       0x14 /home/yvonne/distance_sensor/erika/lib/libarduinosdk.a(wiring_digital.c.o)
                0x00000000000000d8                digital_pin_to_port_PGM
 .progmem.data.port_to_input_PGM
                0x00000000000000ec        0xa /home/yvonne/distance_sensor/erika/lib/libarduinosdk.a(wiring_digital.c.o)
                0x00000000000000ec                port_to_input_PGM
 .progmem.data.port_to_output_PGM
                0x00000000000000f6        0xa /home/yvonne/distance_sensor/erika/lib/libarduinosdk.a(wiring_digital.c.o)
                0x00000000000000f6                port_to_output_PGM
 .progmem.data.port_to_mode_PGM
                0x0000000000000100        0xa /home/yvonne/distance_sensor/erika/lib/libarduinosdk.a(wiring_digital.c.o)
                0x0000000000000100                port_to_mode_PGM
                0x000000000000010a                . = ALIGN (0x2)
 *(.jumptables)
 *(.jumptables*)
 *(.lowtext)
 *(.lowtext*)
                0x000000000000010a                __ctors_start = .
 *(.ctors)
 .ctors         0x000000000000010a        0x2 obj/code.cpp.o
 .ctors         0x000000000000010c        0x2 /home/yvonne/distance_sensor/erika/lib/libarduinosdk.a(HardwareSerial0.cpp.o)
                0x000000000000010e                __ctors_end = .
                0x000000000000010e                __dtors_start = .
 *(.dtors)
                0x000000000000010e                __dtors_end = .
 SORT(*)(.ctors)
 SORT(*)(.dtors)
 *(.init0)
 .init0         0x000000000000010e        0x0 /home/yvonne/Downloads/arduino-1.8.5/hardware/tools/avr/bin/../lib/gcc/avr/4.9.2/../../../../avr/lib/avr5/crtatmega328p.o
                0x000000000000010e                __init
 *(.init0)
 *(.init1)
 *(.init1)
 *(.init2)
 .init2         0x000000000000010e        0xc /home/yvonne/Downloads/arduino-1.8.5/hardware/tools/avr/bin/../lib/gcc/avr/4.9.2/../../../../avr/lib/avr5/crtatmega328p.o
 *(.init2)
 *(.init3)
 *(.init3)
 *(.init4)
 .init4         0x000000000000011a       0x16 /home/yvonne/Downloads/arduino-1.8.5/hardware/tools/avr/bin/../lib/gcc/avr/4.9.2/avr5/libgcc.a(_copy_data.o)
                0x000000000000011a                __do_copy_data
 .init4         0x0000000000000130       0x10 /home/yvonne/Downloads/arduino-1.8.5/hardware/tools/avr/bin/../lib/gcc/avr/4.9.2/avr5/libgcc.a(_clear_bss.o)
                0x0000000000000130                __do_clear_bss
 *(.init4)
 *(.init5)
 *(.init5)
 *(.init6)
 .init6         0x0000000000000140       0x16 /home/yvonne/Downloads/arduino-1.8.5/hardware/tools/avr/bin/../lib/gcc/avr/4.9.2/avr5/libgcc.a(_ctors.o)
                0x0000000000000140                __do_global_ctors
 *(.init6)
 *(.init7)
 *(.init7)
 *(.init8)
 *(.init8)
 *(.init9)
 .init9         0x0000000000000156        0x8 /home/yvonne/Downloads/arduino-1.8.5/hardware/tools/avr/bin/../lib/gcc/avr/4.9.2/../../../../avr/lib/avr5/crtatmega328p.o
 *(.init9)
 *(.text)
 .text          0x000000000000015e        0x4 /home/yvonne/Downloads/arduino-1.8.5/hardware/tools/avr/bin/../lib/gcc/avr/4.9.2/../../../../avr/lib/avr5/crtatmega328p.o
                0x000000000000015e                __vector_22
                0x000000000000015e                __vector_1
                0x000000000000015e                __vector_24
                0x000000000000015e                __vector_12
                0x000000000000015e                __bad_interrupt
                0x000000000000015e                __vector_6
                0x000000000000015e                __vector_3
                0x000000000000015e                __vector_23
                0x000000000000015e                __vector_25
                0x000000000000015e                __vector_11
                0x000000000000015e                __vector_13
                0x000000000000015e                __vector_17
                0x000000000000015e                __vector_7
                0x000000000000015e                __vector_5
                0x000000000000015e                __vector_4
                0x000000000000015e                __vector_9
                0x000000000000015e                __vector_2
                0x000000000000015e                __vector_21
                0x000000000000015e                __vector_15
                0x000000000000015e                __vector_8
                0x000000000000015e                __vector_14
                0x000000000000015e                __vector_10
                0x000000000000015e                __vector_20
 .text          0x0000000000000162       0x8a /home/yvonne/distance_sensor/erika/lib/libarduinosdk.a(wiring_pulse.S.o)
                0x0000000000000162                countPulseASM
 .text          0x00000000000001ec       0xe4 /home/yvonne/distance_sensor/erika/lib/libee.a(ee_avr8_asm.S.o)
                0x00000000000001ec                osEE_hal_save_ctx_and_restore_ctx
                0x000000000000022c                osEE_hal_restore_ctx
                0x000000000000026c                osEE_hal_ready2stacked
                0x000000000000027c                osEE_hal_save_ctx_and_ready2stacked
                0x00000000000002bc                osEE_hal_terminate_ctx
                0x00000000000002d0                . = ALIGN (0x2)
 *(.text.*)
 .text._ZN8SPIClass5beginEv
                0x00000000000002d0       0x6c obj/SPI.cpp.o
                0x00000000000002d0                _ZN8SPIClass5beginEv
 .text.loop     0x000000000000033c       0x4c obj/code.cpp.o
                0x000000000000033c                loop
 .text.setup    0x0000000000000388       0x6e obj/code.cpp.o
                0x0000000000000388                setup
 .text.idle_hook
                0x00000000000003f6       0x12 obj/code.cpp.o
                0x00000000000003f6                idle_hook
 .text.startup.main
                0x0000000000000408       0x14 obj/code.cpp.o
                0x0000000000000408                main
 .text.startup._GLOBAL__sub_I_led
                0x000000000000041c        0xa obj/code.cpp.o
 .text.FuncTaskL1
                0x0000000000000426      0x166 obj/code.cpp.o
                0x0000000000000426                FuncTaskL1
 .text._ZN8SPIClass16beginTransactionE11SPISettings
                0x000000000000058c       0x34 obj/mcp_can.cpp.o
                0x000000000000058c                _ZN8SPIClass16beginTransactionE11SPISettings
 .text._ZN8SPIClass8transferEh
                0x00000000000005c0        0xe obj/mcp_can.cpp.o
                0x00000000000005c0                _ZN8SPIClass8transferEh
 .text._ZN8SPIClass14endTransactionEv
                0x00000000000005ce       0x22 obj/mcp_can.cpp.o
                0x00000000000005ce                _ZN8SPIClass14endTransactionEv
 .text._Z11txSidhToRTSh
                0x00000000000005f0       0x1c obj/mcp_can.cpp.o
                0x00000000000005f0                _Z11txSidhToRTSh
 .text._Z14txSidhToTxLoadh
                0x000000000000060c       0x1c obj/mcp_can.cpp.o
                0x000000000000060c                _Z14txSidhToTxLoadh
 .text._ZN7MCP_CAN13mcp2515_resetEv
                0x0000000000000628       0x38 obj/mcp_can.cpp.o
                0x0000000000000628                _ZN7MCP_CAN13mcp2515_resetEv
 .text._ZN7MCP_CAN20mcp2515_readRegisterEh
                0x0000000000000660       0x44 obj/mcp_can.cpp.o
                0x0000000000000660                _ZN7MCP_CAN20mcp2515_readRegisterEh
 .text._ZN7MCP_CAN19mcp2515_setRegisterEhh
                0x00000000000006a4       0x56 obj/mcp_can.cpp.o
                0x00000000000006a4                _ZN7MCP_CAN19mcp2515_setRegisterEhh
 .text._ZN7MCP_CAN22mcp2515_modifyRegisterEhhh
                0x00000000000006fa       0x62 obj/mcp_can.cpp.o
                0x00000000000006fa                _ZN7MCP_CAN22mcp2515_modifyRegisterEhhh
 .text._ZN7MCP_CAN18mcp2515_readStatusEv
                0x000000000000075c       0x3c obj/mcp_can.cpp.o
                0x000000000000075c                _ZN7MCP_CAN18mcp2515_readStatusEv
 .text._ZN7MCP_CAN23mcp2515_setCANCTRL_ModeEh
                0x0000000000000798       0x30 obj/mcp_can.cpp.o
                0x0000000000000798                _ZN7MCP_CAN23mcp2515_setCANCTRL_ModeEh
 .text._ZN7MCP_CAN18mcp2515_configRateEhh
                0x00000000000007c8      0x138 obj/mcp_can.cpp.o
                0x00000000000007c8                _ZN7MCP_CAN18mcp2515_configRateEhh
 .text._ZN7MCP_CAN22mcp2515_initCANBuffersEv
                0x0000000000000900       0x4c obj/mcp_can.cpp.o
                0x0000000000000900                _ZN7MCP_CAN22mcp2515_initCANBuffersEv
 .text._ZN7MCP_CAN12mcp2515_initEhh
                0x000000000000094c       0xba obj/mcp_can.cpp.o
                0x000000000000094c                _ZN7MCP_CAN12mcp2515_initEhh
 .text._Z17mcp2515_id_to_bufhmPh
                0x0000000000000a06       0x4e obj/mcp_can.cpp.o
                0x0000000000000a06                _Z17mcp2515_id_to_bufhmPh
 .text._ZN7MCP_CAN22mcp2515_start_transmitEh
                0x0000000000000a54       0x36 obj/mcp_can.cpp.o
                0x0000000000000a54                _ZN7MCP_CAN22mcp2515_start_transmitEh
 .text._ZN7MCP_CAN20mcp2515_write_canMsgEhmhhhPVKh
                0x0000000000000a8a       0xf0 obj/mcp_can.cpp.o
                0x0000000000000a8a                _ZN7MCP_CAN20mcp2515_write_canMsgEhmhhhPVKh
 .text._ZN7MCP_CAN24mcp2515_getNextFreeTXBufEPh
                0x0000000000000b7a       0x90 obj/mcp_can.cpp.o
                0x0000000000000b7a                _ZN7MCP_CAN24mcp2515_getNextFreeTXBufEPh
 .text._ZN7MCP_CAN7init_CSEh
                0x0000000000000c0a       0x26 obj/mcp_can.cpp.o
                0x0000000000000c0a                _ZN7MCP_CAN7init_CSEh
 .text._ZN7MCP_CANC2Eh
                0x0000000000000c30       0x10 obj/mcp_can.cpp.o
                0x0000000000000c30                _ZN7MCP_CANC1Eh
                0x0000000000000c30                _ZN7MCP_CANC2Eh
 .text._ZN7MCP_CAN5beginEhh
                0x0000000000000c40       0x3c obj/mcp_can.cpp.o
                0x0000000000000c40                _ZN7MCP_CAN5beginEhh
 .text._ZN7MCP_CAN7sendMsgEmhhhPKhb
                0x0000000000000c7c       0xec obj/mcp_can.cpp.o
                0x0000000000000c7c                _ZN7MCP_CAN7sendMsgEmhhhPKhb
 .text._ZN7MCP_CAN10sendMsgBufEmhhPKhb
                0x0000000000000d68       0x26 obj/mcp_can.cpp.o
                0x0000000000000d68                _ZN7MCP_CAN10sendMsgBufEmhhPKhb
 .text.__vector_16
                0x0000000000000d8e       0x94 /home/yvonne/distance_sensor/erika/lib/libarduinosdk.a(wiring.c.o)
                0x0000000000000d8e                __vector_16
 .text.micros   0x0000000000000e22       0x4a /home/yvonne/distance_sensor/erika/lib/libarduinosdk.a(wiring.c.o)
                0x0000000000000e22                micros
 .text.delay    0x0000000000000e6c       0x78 /home/yvonne/distance_sensor/erika/lib/libarduinosdk.a(wiring.c.o)
                0x0000000000000e6c                delay
 .text.delayMicroseconds
                0x0000000000000ee4       0x16 /home/yvonne/distance_sensor/erika/lib/libarduinosdk.a(wiring.c.o)
                0x0000000000000ee4                delayMicroseconds
 .text.init     0x0000000000000efa       0x76 /home/yvonne/distance_sensor/erika/lib/libarduinosdk.a(wiring.c.o)
                0x0000000000000efa                init
 .text.turnOffPWM
                0x0000000000000f70       0x52 /home/yvonne/distance_sensor/erika/lib/libarduinosdk.a(wiring_digital.c.o)
 .text.pinMode  0x0000000000000fc2       0x78 /home/yvonne/distance_sensor/erika/lib/libarduinosdk.a(wiring_digital.c.o)
                0x0000000000000fc2                pinMode
 .text.digitalWrite
                0x000000000000103a       0x60 /home/yvonne/distance_sensor/erika/lib/libarduinosdk.a(wiring_digital.c.o)
                0x000000000000103a                digitalWrite
 .text.pulseIn  0x000000000000109a       0x64 /home/yvonne/distance_sensor/erika/lib/libarduinosdk.a(wiring_pulse.c.o)
                0x000000000000109a                pulseIn
 .text._ZN14HardwareSerial9availableEv
                0x00000000000010fe       0x18 /home/yvonne/distance_sensor/erika/lib/libarduinosdk.a(HardwareSerial.cpp.o)
                0x00000000000010fe                _ZN14HardwareSerial9availableEv
 .text._ZN14HardwareSerial4peekEv
                0x0000000000001116       0x1c /home/yvonne/distance_sensor/erika/lib/libarduinosdk.a(HardwareSerial.cpp.o)
                0x0000000000001116                _ZN14HardwareSerial4peekEv
 .text._ZN14HardwareSerial4readEv
                0x0000000000001132       0x28 /home/yvonne/distance_sensor/erika/lib/libarduinosdk.a(HardwareSerial.cpp.o)
                0x0000000000001132                _ZN14HardwareSerial4readEv
 .text._ZN14HardwareSerial17availableForWriteEv
                0x000000000000115a       0x1e /home/yvonne/distance_sensor/erika/lib/libarduinosdk.a(HardwareSerial.cpp.o)
                0x000000000000115a                _ZN14HardwareSerial17availableForWriteEv
 .text._Z14serialEventRunv
                0x0000000000001178       0x1c /home/yvonne/distance_sensor/erika/lib/libarduinosdk.a(HardwareSerial.cpp.o)
                0x0000000000001178                _Z14serialEventRunv
 .text._ZN14HardwareSerial17_tx_udr_empty_irqEv
                0x0000000000001194       0x42 /home/yvonne/distance_sensor/erika/lib/libarduinosdk.a(HardwareSerial.cpp.o)
                0x0000000000001194                _ZN14HardwareSerial17_tx_udr_empty_irqEv
 .text._ZN14HardwareSerial5flushEv
                0x00000000000011d6       0x44 /home/yvonne/distance_sensor/erika/lib/libarduinosdk.a(HardwareSerial.cpp.o)
                0x00000000000011d6                _ZN14HardwareSerial5flushEv
 .text._ZN14HardwareSerial5writeEh
                0x000000000000121a       0x8e /home/yvonne/distance_sensor/erika/lib/libarduinosdk.a(HardwareSerial.cpp.o)
                0x000000000000121a                _ZN14HardwareSerial5writeEh
 .text._ZN14HardwareSerial5beginEmh
                0x00000000000012a8       0xca /home/yvonne/distance_sensor/erika/lib/libarduinosdk.a(HardwareSerial.cpp.o)
                0x00000000000012a8                _ZN14HardwareSerial5beginEmh
 .text.__vector_18
                0x0000000000001372       0x64 /home/yvonne/distance_sensor/erika/lib/libarduinosdk.a(HardwareSerial0.cpp.o)
                0x0000000000001372                __vector_18
 .text.__vector_19
                0x00000000000013d6       0x4c /home/yvonne/distance_sensor/erika/lib/libarduinosdk.a(HardwareSerial0.cpp.o)
                0x00000000000013d6                __vector_19
 .text._Z17Serial0_availablev
                0x0000000000001422       0x14 /home/yvonne/distance_sensor/erika/lib/libarduinosdk.a(HardwareSerial0.cpp.o)
                0x0000000000001422                _Z17Serial0_availablev
 .text.startup._GLOBAL__sub_I___vector_18
                0x0000000000001436       0x5a /home/yvonne/distance_sensor/erika/lib/libarduinosdk.a(HardwareSerial0.cpp.o)
 .text._ZN5Print5writeEPKhj
                0x0000000000001490       0x56 /home/yvonne/distance_sensor/erika/lib/libarduinosdk.a(Print.cpp.o)
                0x0000000000001490                _ZN5Print5writeEPKhj
 .text._ZN5Print5writeEPKc
                0x00000000000014e6       0x2a /home/yvonne/distance_sensor/erika/lib/libarduinosdk.a(Print.cpp.o)
                0x00000000000014e6                _ZN5Print5writeEPKc
 .text._ZN5Print5printEPKc
                0x0000000000001510        0x4 /home/yvonne/distance_sensor/erika/lib/libarduinosdk.a(Print.cpp.o)
                0x0000000000001510                _ZN5Print5printEPKc
 .text._ZN5Print7printlnEv
                0x0000000000001514        0x8 /home/yvonne/distance_sensor/erika/lib/libarduinosdk.a(Print.cpp.o)
                0x0000000000001514                _ZN5Print7printlnEv
 .text._ZN5Print7printlnEPKc
                0x000000000000151c       0x24 /home/yvonne/distance_sensor/erika/lib/libarduinosdk.a(Print.cpp.o)
                0x000000000000151c                _ZN5Print7printlnEPKc
 .text.__empty  0x0000000000001540        0x2 /home/yvonne/distance_sensor/erika/lib/libarduinosdk.a(hooks.c.o)
                0x0000000000001540                yield
 .text.StartOS  0x0000000000001542       0x72 /home/yvonne/distance_sensor/erika/lib/libee.a(ee_oo_api_osek.c.o)
                0x0000000000001542                StartOS
 .text.ActivateTask
                0x00000000000015b4       0x50 /home/yvonne/distance_sensor/erika/lib/libee.a(ee_oo_api_osek.c.o)
                0x00000000000015b4                ActivateTask
 .text.TerminateTask
                0x0000000000001604       0x1e /home/yvonne/distance_sensor/erika/lib/libee.a(ee_oo_api_osek.c.o)
                0x0000000000001604                TerminateTask
 .text.osEE_scheduler_task_end
                0x0000000000001622       0x30 /home/yvonne/distance_sensor/erika/lib/libee.a(ee_oo_sched_entry_points.c.o)
                0x0000000000001622                osEE_scheduler_task_end
 .text.osEE_scheduler_task_wrapper_restore
                0x0000000000001652        0x2 /home/yvonne/distance_sensor/erika/lib/libee.a(ee_oo_sched_entry_points.c.o)
                0x0000000000001652                osEE_scheduler_task_wrapper_restore
 .text.osEE_scheduler_task_wrapper_run
                0x0000000000001654       0x24 /home/yvonne/distance_sensor/erika/lib/libee.a(ee_oo_sched_entry_points.c.o)
                0x0000000000001654                osEE_scheduler_task_wrapper_run
 .text.osEE_idle_hook_wrapper
                0x0000000000001678       0x40 /home/yvonne/distance_sensor/erika/lib/libee.a(ee_oo_sched_entry_points.c.o)
                0x0000000000001678                osEE_idle_hook_wrapper
 .text.osEE_scheduler_task_activated
                0x00000000000016b8       0xce /home/yvonne/distance_sensor/erika/lib/libee.a(ee_oo_sched_partitioned.c.o)
                0x00000000000016b8                osEE_scheduler_task_activated
 .text.osEE_scheduler_task_terminated
                0x0000000000001786       0xf4 /home/yvonne/distance_sensor/erika/lib/libee.a(ee_oo_sched_partitioned.c.o)
                0x0000000000001786                osEE_scheduler_task_terminated
 .text.__vector_default
                0x000000000000187a        0x4 /home/yvonne/distance_sensor/erika/lib/libee.a(ee_atmega_intvect.c.o)
                0x000000000000187a                __vector_default
                0x000000000000187a                tag___vector_default
 .text.osEE_atmega_intvect
                0x000000000000187e        0x4 /home/yvonne/distance_sensor/erika/lib/libee.a(ee_atmega_intvect.c.o)
                0x000000000000187e                osEE_atmega_intvect
 .text.osEE_change_context_from_running
                0x0000000000001882       0x38 /home/yvonne/distance_sensor/erika/lib/libee.a(ee_std_change_context.c.o)
                0x0000000000001882                osEE_change_context_from_running
 .text.osEE_change_context_from_task_end
                0x00000000000018ba       0x2e /home/yvonne/distance_sensor/erika/lib/libee.a(ee_std_change_context.c.o)
                0x00000000000018ba                osEE_change_context_from_task_end
 .text.osEE_idle_task_terminate
                0x00000000000018e8       0x36 /home/yvonne/distance_sensor/erika/lib/libee.a(ee_std_change_context.c.o)
                0x00000000000018e8                osEE_idle_task_terminate
 .text.osEE_scheduler_core_rq_preempt_stk
                0x000000000000191e       0xae /home/yvonne/distance_sensor/erika/lib/libee.a(ee_oo_scheduler.c.o)
                0x000000000000191e                osEE_scheduler_core_rq_preempt_stk
 .text.osEE_sn_priority_insert
                0x00000000000019cc       0xaa /home/yvonne/distance_sensor/erika/lib/libee.a(ee_oo_scheduler.c.o)
                0x00000000000019cc                osEE_sn_priority_insert
 .text.osEE_scheduler_rq_insert
                0x0000000000001a76        0xe /home/yvonne/distance_sensor/erika/lib/libee.a(ee_oo_scheduler.c.o)
                0x0000000000001a76                osEE_scheduler_rq_insert
 .text.osEE_scheduler_core_pop_running
                0x0000000000001a84       0x54 /home/yvonne/distance_sensor/erika/lib/libee.a(ee_oo_scheduler.c.o)
                0x0000000000001a84                osEE_scheduler_core_pop_running
 .text.avr-libc.fplib
                0x0000000000001ad8        0xe /home/yvonne/Downloads/arduino-1.8.5/hardware/tools/avr/bin/../lib/gcc/avr/4.9.2/../../../../avr/lib/avr5/libm.a(fixsfsi.o)
                0x0000000000001ad8                __fixsfsi
 .text.avr-libc.fplib
                0x0000000000001ae6       0x5e /home/yvonne/Downloads/arduino-1.8.5/hardware/tools/avr/bin/../lib/gcc/avr/4.9.2/../../../../avr/lib/avr5/libm.a(fixunssfsi.o)
                0x0000000000001ae6                __fixunssfsi
 .text.avr-libc.fplib
                0x0000000000001b44       0x7a /home/yvonne/Downloads/arduino-1.8.5/hardware/tools/avr/bin/../lib/gcc/avr/4.9.2/../../../../avr/lib/avr5/libm.a(floatsisf.o)
                0x0000000000001b44                __floatunsisf
                0x0000000000001b48                __floatsisf
 .text.avr-libc.fplib
                0x0000000000001bbe        0xc /home/yvonne/Downloads/arduino-1.8.5/hardware/tools/avr/bin/../lib/gcc/avr/4.9.2/../../../../avr/lib/avr5/libm.a(fp_inf.o)
                0x0000000000001bbe                __fp_inf
 .text.avr-libc.fplib
                0x0000000000001bca        0x6 /home/yvonne/Downloads/arduino-1.8.5/hardware/tools/avr/bin/../lib/gcc/avr/4.9.2/../../../../avr/lib/avr5/libm.a(fp_nan.o)
                0x0000000000001bca                __fp_nan
 .text.avr-libc.fplib
                0x0000000000001bd0        0xe /home/yvonne/Downloads/arduino-1.8.5/hardware/tools/avr/bin/../lib/gcc/avr/4.9.2/../../../../avr/lib/avr5/libm.a(fp_pscA.o)
                0x0000000000001bd0                __fp_pscA
 .text.avr-libc.fplib
                0x0000000000001bde        0xe /home/yvonne/Downloads/arduino-1.8.5/hardware/tools/avr/bin/../lib/gcc/avr/4.9.2/../../../../avr/lib/avr5/libm.a(fp_pscB.o)
                0x0000000000001bde                __fp_pscB
 .text.avr-libc.fplib
                0x0000000000001bec       0x22 /home/yvonne/Downloads/arduino-1.8.5/hardware/tools/avr/bin/../lib/gcc/avr/4.9.2/../../../../avr/lib/avr5/libm.a(fp_round.o)
                0x0000000000001bec                __fp_round
 .text.avr-libc.fplib
                0x0000000000001c0e       0x44 /home/yvonne/Downloads/arduino-1.8.5/hardware/tools/avr/bin/../lib/gcc/avr/4.9.2/../../../../avr/lib/avr5/libm.a(fp_split3.o)
                0x0000000000001c0e                __fp_split3
                0x0000000000001c1e                __fp_splitA
 .text.avr-libc.fplib
                0x0000000000001c52        0xe /home/yvonne/Downloads/arduino-1.8.5/hardware/tools/avr/bin/../lib/gcc/avr/4.9.2/../../../../avr/lib/avr5/libm.a(fp_zero.o)
                0x0000000000001c52                __fp_zero
                0x0000000000001c54                __fp_szero
 .text.avr-libc.fplib
                0x0000000000001c60        0x8 /home/yvonne/Downloads/arduino-1.8.5/hardware/tools/avr/bin/../lib/gcc/avr/4.9.2/../../../../avr/lib/avr5/libm.a(mulsf3.o)
                0x0000000000001c60                __mulsf3
 .text.avr-libc.fplib
                0x0000000000001c68       0xd2 /home/yvonne/Downloads/arduino-1.8.5/hardware/tools/avr/bin/../lib/gcc/avr/4.9.2/../../../../avr/lib/avr5/libm.a(mulsf3x.o)
                0x0000000000001c86                __mulsf3x
                0x0000000000001c8c                __mulsf3_pse
 .text.libgcc.div
                0x0000000000001d3a       0x44 /home/yvonne/Downloads/arduino-1.8.5/hardware/tools/avr/bin/../lib/gcc/avr/4.9.2/avr5/libgcc.a(_udivmodsi4.o)
                0x0000000000001d3a                __udivmodsi4
 .text.libgcc   0x0000000000001d7e        0xc /home/yvonne/Downloads/arduino-1.8.5/hardware/tools/avr/bin/../lib/gcc/avr/4.9.2/avr5/libgcc.a(_tablejump2.o)
                0x0000000000001d7e                __tablejump2__
                0x0000000000001d8a                . = ALIGN (0x2)
 *(.fini9)
 .fini9         0x0000000000001d8a        0x0 /home/yvonne/Downloads/arduino-1.8.5/hardware/tools/avr/bin/../lib/gcc/avr/4.9.2/avr5/libgcc.a(_exit.o)
                0x0000000000001d8a                exit
                0x0000000000001d8a                _exit
 *(.fini9)
 *(.fini8)
 *(.fini8)
 *(.fini7)
 *(.fini7)
 *(.fini6)
 *(.fini6)
 *(.fini5)
 *(.fini5)
 *(.fini4)
 *(.fini4)
 *(.fini3)
 *(.fini3)
 *(.fini2)
 *(.fini2)
 *(.fini1)
 *(.fini1)
 *(.fini0)
 .fini0         0x0000000000001d8a        0x4 /home/yvonne/Downloads/arduino-1.8.5/hardware/tools/avr/bin/../lib/gcc/avr/4.9.2/avr5/libgcc.a(_exit.o)
 *(.fini0)
                0x0000000000001d8e                _etext = .

.data           0x0000000000800100      0x214 load address 0x0000000000001d8e
                0x0000000000800100                PROVIDE (__data_start, .)
 *(.data)
 *(.data*)
 .data.led      0x0000000000800100        0x2 obj/code.cpp.o
                0x0000000000800100                led
 .data.CCB      0x0000000000800102       0x12 obj/ee_applcfg.c.o
                0x0000000000800102                CCB
 .data.tcb_array
                0x0000000000800114        0x8 obj/ee_applcfg.c.o
                0x0000000000800114                tcb_array
 *(.rodata)
 *(.rodata*)
 .rodata.str1.1
                0x000000000080011c       0x4c obj/code.cpp.o
                                         0x4e (size before relaxing)
 .rodata.KDB    0x0000000000800168        0xa obj/ee_applcfg.c.o
                0x0000000000800168                KDB
 .rodata.CDB    0x0000000000800172        0x6 obj/ee_applcfg.c.o
                0x0000000000800172                CDB
 .rodata.tdb_ptr_array
                0x0000000000800178        0x4 obj/ee_applcfg.c.o
                0x0000000000800178                tdb_ptr_array
 .rodata.tdb_array
                0x000000000080017c       0x1c obj/ee_applcfg.c.o
                0x000000000080017c                tdb_array
 .rodata.sdb_array
                0x0000000000800198        0x4 obj/ee_applcfg.c.o
                0x0000000000800198                sdb_array
 .rodata.str1.1
                0x000000000080019c      0x151 obj/mcp_can.cpp.o
 .rodata.CSWTCH.58
                0x00000000008002ed        0x3 obj/mcp_can.cpp.o
 .rodata.CSWTCH.56
                0x00000000008002f0        0x3 obj/mcp_can.cpp.o
 .rodata.CSWTCH.48
                0x00000000008002f3        0x3 obj/mcp_can.cpp.o
 .rodata._ZTV14HardwareSerial
                0x00000000008002f6       0x12 /home/yvonne/distance_sensor/erika/lib/libarduinosdk.a(HardwareSerial.cpp.o)
                0x00000000008002f6                _ZTV14HardwareSerial
 .rodata.str1.1
                0x0000000000800308        0xc /home/yvonne/distance_sensor/erika/lib/libarduinosdk.a(Print.cpp.o)
                                          0xf (size before relaxing)
 *(.gnu.linkonce.d*)
                0x0000000000800314                . = ALIGN (0x2)
                0x0000000000800314                _edata = .
                0x0000000000800314                PROVIDE (__data_end, .)

.bss            0x0000000000800314       0xcf
                0x0000000000800314                PROVIDE (__bss_start, .)
 *(.bss)
 *(.bss*)
 .bss._ZN8SPIClass13interruptSaveE
                0x0000000000800314        0x1 obj/SPI.cpp.o
                0x0000000000800314                _ZN8SPIClass13interruptSaveE
 .bss._ZN8SPIClass13interruptMaskE
                0x0000000000800315        0x1 obj/SPI.cpp.o
                0x0000000000800315                _ZN8SPIClass13interruptMaskE
 .bss._ZN8SPIClass13interruptModeE
                0x0000000000800316        0x1 obj/SPI.cpp.o
                0x0000000000800316                _ZN8SPIClass13interruptModeE
 .bss._ZN8SPIClass11initializedE
                0x0000000000800317        0x1 obj/SPI.cpp.o
                0x0000000000800317                _ZN8SPIClass11initializedE
 .bss.SPI       0x0000000000800318        0x1 obj/SPI.cpp.o
                0x0000000000800318                SPI
 .bss.CAN       0x0000000000800319        0xa obj/code.cpp.o
                0x0000000000800319                CAN
 .bss.TaskL1_count
                0x0000000000800323        0x2 obj/code.cpp.o
                0x0000000000800323                TaskL1_count
 .bss.old_sp    0x0000000000800325        0x2 obj/code.cpp.o
                0x0000000000800325                old_sp
 .bss.stk_wrong
                0x0000000000800327        0x1 obj/code.cpp.o
                0x0000000000800327                stk_wrong
 .bss.stmp      0x0000000000800328        0x8 obj/code.cpp.o
                0x0000000000800328                stmp
 .bss.distance  0x0000000000800330        0x2 obj/code.cpp.o
                0x0000000000800330                distance
 .bss.duration  0x0000000000800332        0x4 obj/code.cpp.o
                0x0000000000800332                duration
 .bss.sn_array  0x0000000000800336        0x4 obj/ee_applcfg.c.o
                0x0000000000800336                sn_array
 .bss.scb_array
                0x000000000080033a        0x2 obj/ee_applcfg.c.o
                0x000000000080033a                scb_array
 .bss.timer0_fract
                0x000000000080033c        0x1 /home/yvonne/distance_sensor/erika/lib/libarduinosdk.a(wiring.c.o)
 .bss.timer0_millis
                0x000000000080033d        0x4 /home/yvonne/distance_sensor/erika/lib/libarduinosdk.a(wiring.c.o)
                0x000000000080033d                timer0_millis
 .bss.timer0_overflow_count
                0x0000000000800341        0x4 /home/yvonne/distance_sensor/erika/lib/libarduinosdk.a(wiring.c.o)
                0x0000000000800341                timer0_overflow_count
 .bss.Serial    0x0000000000800345       0x9d /home/yvonne/distance_sensor/erika/lib/libarduinosdk.a(HardwareSerial0.cpp.o)
                0x0000000000800345                Serial
 *(COMMON)
 COMMON         0x00000000008003e2        0x1 obj/ee_applcfg.c.o
                0x00000000008003e2                KCB
                0x00000000008003e3                PROVIDE (__bss_end, .)
                0x0000000000001d8e                __data_load_start = LOADADDR (.data)
                0x0000000000001fa2                __data_load_end = (__data_load_start + SIZEOF (.data))

.noinit         0x00000000008003e3        0x0
                [!provide]                        PROVIDE (__noinit_start, .)
 *(.noinit*)
                [!provide]                        PROVIDE (__noinit_end, .)
                0x00000000008003e3                _end = .
                [!provide]                        PROVIDE (__heap_start, .)

.eeprom         0x0000000000810000        0x0
 *(.eeprom*)
                0x0000000000810000                __eeprom_end = .

.fuse
 *(.fuse)
 *(.lfuse)
 *(.hfuse)
 *(.efuse)

.lock
 *(.lock*)

.signature
 *(.signature*)

.user_signatures
 *(.user_signatures*)

.stab
 *(.stab)

.stabstr
 *(.stabstr)

.stab.excl
 *(.stab.excl)

.stab.exclstr
 *(.stab.exclstr)

.stab.index
 *(.stab.index)

.stab.indexstr
 *(.stab.indexstr)

.comment        0x0000000000000000       0x11
 *(.comment)
 .comment       0x0000000000000000       0x11 obj/SPI.cpp.o
                                         0x12 (size before relaxing)
 .comment       0x0000000000000011       0x12 obj/code.cpp.o
 .comment       0x0000000000000011       0x12 obj/ee_applcfg.c.o
 .comment       0x0000000000000011       0x12 obj/mcp_can.cpp.o
 .comment       0x0000000000000011       0x12 /home/yvonne/distance_sensor/erika/lib/libarduinosdk.a(wiring.c.o)
 .comment       0x0000000000000011       0x12 /home/yvonne/distance_sensor/erika/lib/libarduinosdk.a(wiring_digital.c.o)
 .comment       0x0000000000000011       0x12 /home/yvonne/distance_sensor/erika/lib/libarduinosdk.a(wiring_pulse.c.o)
 .comment       0x0000000000000011       0x12 /home/yvonne/distance_sensor/erika/lib/libarduinosdk.a(HardwareSerial.cpp.o)
 .comment       0x0000000000000011       0x12 /home/yvonne/distance_sensor/erika/lib/libarduinosdk.a(HardwareSerial0.cpp.o)
 .comment       0x0000000000000011       0x12 /home/yvonne/distance_sensor/erika/lib/libarduinosdk.a(Print.cpp.o)
 .comment       0x0000000000000011       0x12 /home/yvonne/distance_sensor/erika/lib/libarduinosdk.a(hooks.c.o)
 .comment       0x0000000000000011       0x12 /home/yvonne/distance_sensor/erika/lib/libee.a(ee_oo_api_osek.c.o)
 .comment       0x0000000000000011       0x12 /home/yvonne/distance_sensor/erika/lib/libee.a(ee_oo_sched_entry_points.c.o)
 .comment       0x0000000000000011       0x12 /home/yvonne/distance_sensor/erika/lib/libee.a(ee_oo_sched_partitioned.c.o)
 .comment       0x0000000000000011       0x12 /home/yvonne/distance_sensor/erika/lib/libee.a(ee_atmega_intvect.c.o)
 .comment       0x0000000000000011       0x12 /home/yvonne/distance_sensor/erika/lib/libee.a(ee_std_change_context.c.o)
 .comment       0x0000000000000011       0x12 /home/yvonne/distance_sensor/erika/lib/libee.a(ee_oo_scheduler.c.o)

.note.gnu.avr.deviceinfo
                0x0000000000000000       0x40
 .note.gnu.avr.deviceinfo
                0x0000000000000000       0x40 /home/yvonne/Downloads/arduino-1.8.5/hardware/tools/avr/bin/../lib/gcc/avr/4.9.2/../../../../avr/lib/avr5/crtatmega328p.o

.note.gnu.build-id
 *(.note.gnu.build-id)

.debug
 *(.debug)

.line
 *(.line)

.debug_srcinfo
 *(.debug_srcinfo)

.debug_sfnames
 *(.debug_sfnames)

.debug_aranges  0x0000000000000000      0x458
 *(.debug_aranges)
 .debug_aranges
                0x0000000000000000       0x48 /home/yvonne/distance_sensor/erika/lib/libarduinosdk.a(wiring.c.o)
 .debug_aranges
                0x0000000000000048       0x38 /home/yvonne/distance_sensor/erika/lib/libarduinosdk.a(wiring_digital.c.o)
 .debug_aranges
                0x0000000000000080       0x28 /home/yvonne/distance_sensor/erika/lib/libarduinosdk.a(wiring_pulse.c.o)
 .debug_aranges
                0x00000000000000a8       0x20 /home/yvonne/distance_sensor/erika/lib/libarduinosdk.a(wiring_pulse.S.o)
 .debug_aranges
                0x00000000000000c8       0x68 /home/yvonne/distance_sensor/erika/lib/libarduinosdk.a(HardwareSerial.cpp.o)
 .debug_aranges
                0x0000000000000130       0x48 /home/yvonne/distance_sensor/erika/lib/libarduinosdk.a(HardwareSerial0.cpp.o)
 .debug_aranges
                0x0000000000000178      0x100 /home/yvonne/distance_sensor/erika/lib/libarduinosdk.a(Print.cpp.o)
 .debug_aranges
                0x0000000000000278       0x20 /home/yvonne/distance_sensor/erika/lib/libarduinosdk.a(hooks.c.o)
 .debug_aranges
                0x0000000000000298       0x90 /home/yvonne/distance_sensor/erika/lib/libee.a(ee_oo_api_osek.c.o)
 .debug_aranges
                0x0000000000000328       0x38 /home/yvonne/distance_sensor/erika/lib/libee.a(ee_oo_sched_entry_points.c.o)
 .debug_aranges
                0x0000000000000360       0x48 /home/yvonne/distance_sensor/erika/lib/libee.a(ee_oo_sched_partitioned.c.o)
 .debug_aranges
                0x00000000000003a8       0x28 /home/yvonne/distance_sensor/erika/lib/libee.a(ee_atmega_intvect.c.o)
 .debug_aranges
                0x00000000000003d0       0x20 /home/yvonne/distance_sensor/erika/lib/libee.a(ee_avr8_asm.S.o)
 .debug_aranges
                0x00000000000003f0       0x30 /home/yvonne/distance_sensor/erika/lib/libee.a(ee_std_change_context.c.o)
 .debug_aranges
                0x0000000000000420       0x38 /home/yvonne/distance_sensor/erika/lib/libee.a(ee_oo_scheduler.c.o)

.debug_pubnames
 *(.debug_pubnames)

.debug_info     0x0000000000000000     0xc649
 *(.debug_info .gnu.linkonce.wi.*)
 .debug_info    0x0000000000000000      0x5f4 /home/yvonne/Downloads/arduino-1.8.5/hardware/tools/avr/bin/../lib/gcc/avr/4.9.2/../../../../avr/lib/avr5/crtatmega328p.o
 .debug_info    0x00000000000005f4      0x2c4 /home/yvonne/distance_sensor/erika/lib/libarduinosdk.a(wiring.c.o)
 .debug_info    0x00000000000008b8      0x5f5 /home/yvonne/distance_sensor/erika/lib/libarduinosdk.a(wiring_digital.c.o)
 .debug_info    0x0000000000000ead      0x498 /home/yvonne/distance_sensor/erika/lib/libarduinosdk.a(wiring_pulse.c.o)
 .debug_info    0x0000000000001345       0xa0 /home/yvonne/distance_sensor/erika/lib/libarduinosdk.a(wiring_pulse.S.o)
 .debug_info    0x00000000000013e5     0x1e35 /home/yvonne/distance_sensor/erika/lib/libarduinosdk.a(HardwareSerial.cpp.o)
 .debug_info    0x000000000000321a     0x1ac7 /home/yvonne/distance_sensor/erika/lib/libarduinosdk.a(HardwareSerial0.cpp.o)
 .debug_info    0x0000000000004ce1     0x2a7c /home/yvonne/distance_sensor/erika/lib/libarduinosdk.a(Print.cpp.o)
 .debug_info    0x000000000000775d       0x3a /home/yvonne/distance_sensor/erika/lib/libarduinosdk.a(hooks.c.o)
 .debug_info    0x0000000000007797     0x17e8 /home/yvonne/distance_sensor/erika/lib/libee.a(ee_oo_api_osek.c.o)
 .debug_info    0x0000000000008f7f      0xabc /home/yvonne/distance_sensor/erika/lib/libee.a(ee_oo_sched_entry_points.c.o)
 .debug_info    0x0000000000009a3b      0xf4d /home/yvonne/distance_sensor/erika/lib/libee.a(ee_oo_sched_partitioned.c.o)
 .debug_info    0x000000000000a988      0x777 /home/yvonne/distance_sensor/erika/lib/libee.a(ee_atmega_intvect.c.o)
 .debug_info    0x000000000000b0ff       0x7e /home/yvonne/distance_sensor/erika/lib/libee.a(ee_avr8_asm.S.o)
 .debug_info    0x000000000000b17d      0x95f /home/yvonne/distance_sensor/erika/lib/libee.a(ee_std_change_context.c.o)
 .debug_info    0x000000000000badc      0xb6d /home/yvonne/distance_sensor/erika/lib/libee.a(ee_oo_scheduler.c.o)

.debug_abbrev   0x0000000000000000     0x2556
 *(.debug_abbrev)
 .debug_abbrev  0x0000000000000000      0x5a2 /home/yvonne/Downloads/arduino-1.8.5/hardware/tools/avr/bin/../lib/gcc/avr/4.9.2/../../../../avr/lib/avr5/crtatmega328p.o
 .debug_abbrev  0x00000000000005a2      0x143 /home/yvonne/distance_sensor/erika/lib/libarduinosdk.a(wiring.c.o)
 .debug_abbrev  0x00000000000006e5      0x159 /home/yvonne/distance_sensor/erika/lib/libarduinosdk.a(wiring_digital.c.o)
 .debug_abbrev  0x000000000000083e      0x14c /home/yvonne/distance_sensor/erika/lib/libarduinosdk.a(wiring_pulse.c.o)
 .debug_abbrev  0x000000000000098a       0x14 /home/yvonne/distance_sensor/erika/lib/libarduinosdk.a(wiring_pulse.S.o)
 .debug_abbrev  0x000000000000099e      0x478 /home/yvonne/distance_sensor/erika/lib/libarduinosdk.a(HardwareSerial.cpp.o)
 .debug_abbrev  0x0000000000000e16      0x3dd /home/yvonne/distance_sensor/erika/lib/libarduinosdk.a(HardwareSerial0.cpp.o)
 .debug_abbrev  0x00000000000011f3      0x498 /home/yvonne/distance_sensor/erika/lib/libarduinosdk.a(Print.cpp.o)
 .debug_abbrev  0x000000000000168b       0x28 /home/yvonne/distance_sensor/erika/lib/libarduinosdk.a(hooks.c.o)
 .debug_abbrev  0x00000000000016b3      0x3d2 /home/yvonne/distance_sensor/erika/lib/libee.a(ee_oo_api_osek.c.o)
 .debug_abbrev  0x0000000000001a85      0x2d5 /home/yvonne/distance_sensor/erika/lib/libee.a(ee_oo_sched_entry_points.c.o)
 .debug_abbrev  0x0000000000001d5a      0x2d1 /home/yvonne/distance_sensor/erika/lib/libee.a(ee_oo_sched_partitioned.c.o)
 .debug_abbrev  0x000000000000202b      0x111 /home/yvonne/distance_sensor/erika/lib/libee.a(ee_atmega_intvect.c.o)
 .debug_abbrev  0x000000000000213c       0x14 /home/yvonne/distance_sensor/erika/lib/libee.a(ee_avr8_asm.S.o)
 .debug_abbrev  0x0000000000002150      0x186 /home/yvonne/distance_sensor/erika/lib/libee.a(ee_std_change_context.c.o)
 .debug_abbrev  0x00000000000022d6      0x280 /home/yvonne/distance_sensor/erika/lib/libee.a(ee_oo_scheduler.c.o)

.debug_line     0x0000000000000000     0x2d54
 *(.debug_line .debug_line.* .debug_line_end)
 .debug_line    0x0000000000000000       0x1a /home/yvonne/Downloads/arduino-1.8.5/hardware/tools/avr/bin/../lib/gcc/avr/4.9.2/../../../../avr/lib/avr5/crtatmega328p.o
 .debug_line    0x000000000000001a      0x2e2 /home/yvonne/distance_sensor/erika/lib/libarduinosdk.a(wiring.c.o)
 .debug_line    0x00000000000002fc      0x2ab /home/yvonne/distance_sensor/erika/lib/libarduinosdk.a(wiring_digital.c.o)
 .debug_line    0x00000000000005a7      0x213 /home/yvonne/distance_sensor/erika/lib/libarduinosdk.a(wiring_pulse.c.o)
 .debug_line    0x00000000000007ba      0x21c /home/yvonne/distance_sensor/erika/lib/libarduinosdk.a(wiring_pulse.S.o)
 .debug_line    0x00000000000009d6      0x45d /home/yvonne/distance_sensor/erika/lib/libarduinosdk.a(HardwareSerial.cpp.o)
 .debug_line    0x0000000000000e33      0x2c3 /home/yvonne/distance_sensor/erika/lib/libarduinosdk.a(HardwareSerial0.cpp.o)
 .debug_line    0x00000000000010f6      0x6d2 /home/yvonne/distance_sensor/erika/lib/libarduinosdk.a(Print.cpp.o)
 .debug_line    0x00000000000017c8       0x7d /home/yvonne/distance_sensor/erika/lib/libarduinosdk.a(hooks.c.o)
 .debug_line    0x0000000000001845      0x69a /home/yvonne/distance_sensor/erika/lib/libee.a(ee_oo_api_osek.c.o)
 .debug_line    0x0000000000001edf      0x272 /home/yvonne/distance_sensor/erika/lib/libee.a(ee_oo_sched_entry_points.c.o)
 .debug_line    0x0000000000002151      0x415 /home/yvonne/distance_sensor/erika/lib/libee.a(ee_oo_sched_partitioned.c.o)
 .debug_line    0x0000000000002566      0x193 /home/yvonne/distance_sensor/erika/lib/libee.a(ee_atmega_intvect.c.o)
 .debug_line    0x00000000000026f9       0xe1 /home/yvonne/distance_sensor/erika/lib/libee.a(ee_avr8_asm.S.o)
 .debug_line    0x00000000000027da      0x237 /home/yvonne/distance_sensor/erika/lib/libee.a(ee_std_change_context.c.o)
 .debug_line    0x0000000000002a11      0x343 /home/yvonne/distance_sensor/erika/lib/libee.a(ee_oo_scheduler.c.o)

.debug_frame    0x0000000000000000      0xba8
 *(.debug_frame)
 .debug_frame   0x0000000000000000       0xc4 /home/yvonne/distance_sensor/erika/lib/libarduinosdk.a(wiring.c.o)
 .debug_frame   0x00000000000000c4       0x7c /home/yvonne/distance_sensor/erika/lib/libarduinosdk.a(wiring_digital.c.o)
 .debug_frame   0x0000000000000140       0x90 /home/yvonne/distance_sensor/erika/lib/libarduinosdk.a(wiring_pulse.c.o)
 .debug_frame   0x00000000000001d0      0x110 /home/yvonne/distance_sensor/erika/lib/libarduinosdk.a(HardwareSerial.cpp.o)
 .debug_frame   0x00000000000002e0       0xe0 /home/yvonne/distance_sensor/erika/lib/libarduinosdk.a(HardwareSerial0.cpp.o)
 .debug_frame   0x00000000000003c0      0x3b0 /home/yvonne/distance_sensor/erika/lib/libarduinosdk.a(Print.cpp.o)
 .debug_frame   0x0000000000000770       0x24 /home/yvonne/distance_sensor/erika/lib/libarduinosdk.a(hooks.c.o)
 .debug_frame   0x0000000000000794      0x160 /home/yvonne/distance_sensor/erika/lib/libee.a(ee_oo_api_osek.c.o)
 .debug_frame   0x00000000000008f4       0x78 /home/yvonne/distance_sensor/erika/lib/libee.a(ee_oo_sched_entry_points.c.o)
 .debug_frame   0x000000000000096c      0x114 /home/yvonne/distance_sensor/erika/lib/libee.a(ee_oo_sched_partitioned.c.o)
 .debug_frame   0x0000000000000a80       0x34 /home/yvonne/distance_sensor/erika/lib/libee.a(ee_atmega_intvect.c.o)
 .debug_frame   0x0000000000000ab4       0x44 /home/yvonne/distance_sensor/erika/lib/libee.a(ee_std_change_context.c.o)
 .debug_frame   0x0000000000000af8       0xb0 /home/yvonne/distance_sensor/erika/lib/libee.a(ee_oo_scheduler.c.o)

.debug_str      0x0000000000000000     0x314d
 *(.debug_str)
 .debug_str     0x0000000000000000      0x208 /home/yvonne/Downloads/arduino-1.8.5/hardware/tools/avr/bin/../lib/gcc/avr/4.9.2/../../../../avr/lib/avr5/crtatmega328p.o
 .debug_str     0x0000000000000208      0x193 /home/yvonne/distance_sensor/erika/lib/libarduinosdk.a(wiring.c.o)
                                        0x1d9 (size before relaxing)
 .debug_str     0x000000000000039b      0x12e /home/yvonne/distance_sensor/erika/lib/libarduinosdk.a(wiring_digital.c.o)
                                        0x23e (size before relaxing)
 .debug_str     0x00000000000004c9       0x9e /home/yvonne/distance_sensor/erika/lib/libarduinosdk.a(wiring_pulse.c.o)
                                        0x222 (size before relaxing)
 .debug_str     0x0000000000000567     0x1206 /home/yvonne/distance_sensor/erika/lib/libarduinosdk.a(HardwareSerial.cpp.o)
                                       0x1317 (size before relaxing)
 .debug_str     0x000000000000176d       0xf8 /home/yvonne/distance_sensor/erika/lib/libarduinosdk.a(HardwareSerial0.cpp.o)
                                       0x115a (size before relaxing)
 .debug_str     0x0000000000001865      0x3e7 /home/yvonne/distance_sensor/erika/lib/libarduinosdk.a(Print.cpp.o)
                                        0xfcf (size before relaxing)
 .debug_str     0x0000000000001c4c       0x58 /home/yvonne/distance_sensor/erika/lib/libarduinosdk.a(hooks.c.o)
                                         0xce (size before relaxing)
 .debug_str     0x0000000000001ca4      0xe02 /home/yvonne/distance_sensor/erika/lib/libee.a(ee_oo_api_osek.c.o)
                                       0x102e (size before relaxing)
 .debug_str     0x0000000000002aa6      0x169 /home/yvonne/distance_sensor/erika/lib/libee.a(ee_oo_sched_entry_points.c.o)
                                        0x9e2 (size before relaxing)
 .debug_str     0x0000000000002c0f      0x2de /home/yvonne/distance_sensor/erika/lib/libee.a(ee_oo_sched_partitioned.c.o)
                                        0xaf4 (size before relaxing)
 .debug_str     0x0000000000002eed       0x60 /home/yvonne/distance_sensor/erika/lib/libee.a(ee_atmega_intvect.c.o)
                                        0x7c3 (size before relaxing)
 .debug_str     0x0000000000002f4d       0xb5 /home/yvonne/distance_sensor/erika/lib/libee.a(ee_std_change_context.c.o)
                                        0x8af (size before relaxing)
 .debug_str     0x0000000000003002      0x14b /home/yvonne/distance_sensor/erika/lib/libee.a(ee_oo_scheduler.c.o)
                                        0x972 (size before relaxing)

.debug_loc      0x0000000000000000     0x4c79
 *(.debug_loc)
 .debug_loc     0x0000000000000000      0x269 /home/yvonne/distance_sensor/erika/lib/libarduinosdk.a(wiring.c.o)
 .debug_loc     0x0000000000000269      0x5e3 /home/yvonne/distance_sensor/erika/lib/libarduinosdk.a(wiring_digital.c.o)
 .debug_loc     0x000000000000084c      0x479 /home/yvonne/distance_sensor/erika/lib/libarduinosdk.a(wiring_pulse.c.o)
 .debug_loc     0x0000000000000cc5      0x497 /home/yvonne/distance_sensor/erika/lib/libarduinosdk.a(HardwareSerial.cpp.o)
 .debug_loc     0x000000000000115c      0x187 /home/yvonne/distance_sensor/erika/lib/libarduinosdk.a(HardwareSerial0.cpp.o)
 .debug_loc     0x00000000000012e3     0x1f0f /home/yvonne/distance_sensor/erika/lib/libarduinosdk.a(Print.cpp.o)
 .debug_loc     0x00000000000031f2      0x65a /home/yvonne/distance_sensor/erika/lib/libee.a(ee_oo_api_osek.c.o)
 .debug_loc     0x000000000000384c      0x118 /home/yvonne/distance_sensor/erika/lib/libee.a(ee_oo_sched_entry_points.c.o)
 .debug_loc     0x0000000000003964      0xa0d /home/yvonne/distance_sensor/erika/lib/libee.a(ee_oo_sched_partitioned.c.o)
 .debug_loc     0x0000000000004371      0x2dc /home/yvonne/distance_sensor/erika/lib/libee.a(ee_std_change_context.c.o)
 .debug_loc     0x000000000000464d      0x62c /home/yvonne/distance_sensor/erika/lib/libee.a(ee_oo_scheduler.c.o)

.debug_macinfo
 *(.debug_macinfo)

.debug_weaknames
 *(.debug_weaknames)

.debug_funcnames
 *(.debug_funcnames)

.debug_typenames
 *(.debug_typenames)

.debug_varnames
 *(.debug_varnames)

.debug_pubtypes
 *(.debug_pubtypes)

.debug_ranges   0x0000000000000000      0x3f0
 *(.debug_ranges)
 .debug_ranges  0x0000000000000000       0x38 /home/yvonne/distance_sensor/erika/lib/libarduinosdk.a(wiring.c.o)
 .debug_ranges  0x0000000000000038       0x28 /home/yvonne/distance_sensor/erika/lib/libarduinosdk.a(wiring_digital.c.o)
 .debug_ranges  0x0000000000000060       0x18 /home/yvonne/distance_sensor/erika/lib/libarduinosdk.a(wiring_pulse.c.o)
 .debug_ranges  0x0000000000000078       0x70 /home/yvonne/distance_sensor/erika/lib/libarduinosdk.a(HardwareSerial.cpp.o)
 .debug_ranges  0x00000000000000e8       0x38 /home/yvonne/distance_sensor/erika/lib/libarduinosdk.a(HardwareSerial0.cpp.o)
 .debug_ranges  0x0000000000000120      0x138 /home/yvonne/distance_sensor/erika/lib/libarduinosdk.a(Print.cpp.o)
 .debug_ranges  0x0000000000000258       0x10 /home/yvonne/distance_sensor/erika/lib/libarduinosdk.a(hooks.c.o)
 .debug_ranges  0x0000000000000268       0xb0 /home/yvonne/distance_sensor/erika/lib/libee.a(ee_oo_api_osek.c.o)
 .debug_ranges  0x0000000000000318       0x40 /home/yvonne/distance_sensor/erika/lib/libee.a(ee_oo_sched_entry_points.c.o)
 .debug_ranges  0x0000000000000358       0x38 /home/yvonne/distance_sensor/erika/lib/libee.a(ee_oo_sched_partitioned.c.o)
 .debug_ranges  0x0000000000000390       0x18 /home/yvonne/distance_sensor/erika/lib/libee.a(ee_atmega_intvect.c.o)
 .debug_ranges  0x00000000000003a8       0x20 /home/yvonne/distance_sensor/erika/lib/libee.a(ee_std_change_context.c.o)
 .debug_ranges  0x00000000000003c8       0x28 /home/yvonne/distance_sensor/erika/lib/libee.a(ee_oo_scheduler.c.o)

.debug_macro
 *(.debug_macro)
OUTPUT(arduino.elf elf32-avr)
LOAD linker stubs
